subproc 0
 pages           peak       total     current       block      total#   
  touched   :     0           0           0                                ok
  pages     :   146           3.8 K      32      
  abandoned :    22         833          10      
  reclaima  :    13      
  reclaimf  :   667      
  reabandon :    50      
  waits     :     0      
  extended  :     0      
  retire    :     0      
  searches  :     1.7 avg

 arenas          peak       total     current       block      total#   
  reserved  :     2.0 GiB     2.0 GiB     2.0 GiB                          
  committed :     1.0 GiB     1.0 GiB     1.0 GiB                          
  reset     :     0      
  purged    :     1.0 GiB
  arenas    :     2      
  rollback  :     0      
  mmaps     :     6      
  commits   :     0      
  resets    :     0      
  purges    :   281      
  guarded   :     0      
  theaps    :    59          59           0      
  heaps     :     1           1           1      
  heap waits:     0      

 process         peak       total     current       block      total#   
  threads   :    60          60           1      
  numa nodes:     1
  elapsed   :     0.141 s
  process   : user: 1.390 s, system: 0.706 s, faults: 0, peak rss: 802.1 MiB, peak commit: 1.0 GiB

BENCH wall=0.14 user=1.39 sys=0.70 rss_kb=821356
