subproc 0
 pages           peak       total     current       block      total#   
  touched   :     0           0           0                                ok
  pages     :     1.1 K       8.7 K      38      
  abandoned :   490           1.5 K      16      
  reclaima  :   116      
  reclaimf  :   580      
  reabandon :   785      
  waits     :     0      
  extended  :     0      
  retire    :     0      
  searches  :     1.8 avg

 arenas          peak       total     current       block      total#   
  reserved  :     1.0 GiB     1.0 GiB     1.0 GiB                          
  committed :   763.8 MiB   763.8 MiB   763.8 MiB                          
  reset     :     0      
  purged    :   748.9 MiB
  arenas    :     1      
  rollback  :     0      
  mmaps     :     5      
  commits   :     0      
  resets    :     0      
  purges    :     1.3 K  
  guarded   :     0      
  theaps    :   544         544           0      
  heaps     :     1           1           1      
  heap waits:     0      

 process         peak       total     current       block      total#   
  threads   :   545         545           1      
  numa nodes:     1
  elapsed   :     0.241 s
  process   : user: 1.281 s, system: 0.817 s, faults: 0, peak rss: 766.3 MiB, peak commit: 763.8 MiB

BENCH wall=0.24 user=1.28 sys=0.81 rss_kb=784716
