subproc 0
 pages           peak       total     current       block      total#   
  touched   :     0           0           0                                ok
  pages     :   749          10.0 K      32      
  abandoned :   551           9.1 K      10      
  reclaima  :     1.0 K  
  reclaimf  :     5.4 K  
  reabandon :     2.3 K  
  waits     :     0      
  extended  :     0      
  retire    :     0      
  searches  :     2.7 avg

 arenas          peak       total     current       block      total#   
  reserved  :     1.0 GiB     1.0 GiB     1.0 GiB                          
  committed :   679.2 MiB   679.2 MiB   679.2 MiB                          
  reset     :     0      
  purged    :   673.8 MiB
  arenas    :     1      
  rollback  :     0      
  mmaps     :     5      
  commits   :     0      
  resets    :     0      
  purges    :   188      
  guarded   :     0      
  theaps    :    53          53           0      
  heaps     :     1           1           1      
  heap waits:     0      

 process         peak       total     current       block      total#   
  threads   :    54          54           1      
  numa nodes:     1
  elapsed   :     0.649 s
  process   : user: 1.475 s, system: 0.175 s, faults: 0, peak rss: 676.5 MiB, peak commit: 679.2 MiB

BENCH user=1.47 sys=0.17 rss_kb=692752
