subproc 0
 pages           peak       total     current       block      total#   
  touched   :     0           0           0                                ok
  pages     :   901           9.8 K      32      
  abandoned :   103           4.8 K      10      
  reclaima  :   100      
  reclaimf  :     4.0 K  
  reabandon :   133      
  waits     :     0      
  extended  :     0      
  retire    :     0      
  searches  :     2.3 avg

 arenas          peak       total     current       block      total#   
  reserved  :     2.0 GiB     2.0 GiB     2.0 GiB                          
  committed :     1.2 GiB     1.2 GiB     1.2 GiB                          
  reset     :     0      
  purged    :     1.2 GiB
  arenas    :     2      
  rollback  :     0      
  mmaps     :     6      
  commits   :     0      
  resets    :     0      
  purges    :   520      
  guarded   :     0      
  theaps    :    71          71           0      
  heaps     :     1           1           1      
  heap waits:     0      

 process         peak       total     current       block      total#   
  threads   :    72          72           1      
  numa nodes:     1
  elapsed   :     0.418 s
  process   : user: 2.246 s, system: 0.987 s, faults: 0, peak rss: 1.0 GiB, peak commit: 1.2 GiB

BENCH user=2.24 sys=0.98 rss_kb=1049844
