subproc 0
 pages           peak       total     current       block      total#   
  touched   :     0           0           0                                ok
  pages     :     2.8 K      21.9 K      36      
  abandoned :     1.0 K       4.8 K      14      
  reclaima  :   219      
  reclaimf  :     3.6 K  
  reabandon :   901      
  waits     :     0      
  extended  :     0      
  retire    :     0      
  searches  :     1.9 avg

 arenas          peak       total     current       block      total#   
  reserved  :     3.0 GiB     3.0 GiB     3.0 GiB                          
  committed :     2.1 GiB     2.1 GiB     2.1 GiB                          
  reset     :     0      
  purged    :     2.1 GiB
  arenas    :     3      
  rollback  :     0      
  mmaps     :     9      
  commits   :     0      
  resets    :     0      
  purges    :     1.2 K  
  guarded   :     0      
  theaps    :   320         320           0      
  heaps     :     1           1           1      
  heap waits:     0      

 process         peak       total     current       block      total#   
  threads   :   321         321           1      
  numa nodes:     1
  elapsed   :     0.694 s
  process   : user: 2.083 s, system: 1.004 s, faults: 0, peak rss: 1.6 GiB, peak commit: 2.1 GiB

BENCH user=2.08 sys=1.00 rss_kb=1697400
