subproc 0
 pages           peak       total     current       block      total#   
  touched   :     0           0           0                                ok
  pages     :   695          10.3 K      34      
  abandoned :    93           4.9 K      12      
  reclaima  :   136      
  reclaimf  :     4.1 K  
  reabandon :   135      
  waits     :     0      
  extended  :     0      
  retire    :     0      
  searches  :     2.3 avg

 arenas          peak       total     current       block      total#   
  reserved  :     2.0 GiB     2.0 GiB     2.0 GiB                          
  committed :     1.3 GiB     1.3 GiB     1.3 GiB                          
  reset     :     0      
  purged    :     1.3 GiB
  arenas    :     2      
  rollback  :     0      
  mmaps     :     7      
  commits   :     0      
  resets    :     0      
  purges    :   976      
  guarded   :     0      
  theaps    :   133         133           0      
  heaps     :     1           1           1      
  heap waits:     0      

 process         peak       total     current       block      total#   
  threads   :   134         134           1      
  numa nodes:     1
  elapsed   :     0.433 s
  process   : user: 1.987 s, system: 0.960 s, faults: 0, peak rss: 1.0 GiB, peak commit: 1.3 GiB

BENCH wall=0.43 user=1.98 sys=0.96 rss_kb=1095312
