subproc 0
 pages           peak       total     current       block      total#   
  touched   :     0           0           0                                ok
  pages     :   311           3.5 K      32      
  abandoned :    97         606          10      
  reclaima  :    16      
  reclaimf  :   391      
  reabandon :   101      
  waits     :     0      
  extended  :     0      
  retire    :     0      
  searches  :     1.4 avg

 arenas          peak       total     current       block      total#   
  reserved  :     1.0 GiB     1.0 GiB     1.0 GiB                          
  committed :   794.8 MiB   794.8 MiB   794.8 MiB                          
  reset     :     0      
  purged    :   788.2 MiB
  arenas    :     1      
  rollback  :     0      
  mmaps     :     5      
  commits   :     0      
  resets    :     0      
  purges    :   828      
  guarded   :     0      
  theaps    :   140         140           0      
  heaps     :     1           1           1      
  heap waits:     0      

 process         peak       total     current       block      total#   
  threads   :   141         141           1      
  numa nodes:     1
  elapsed   :     0.143 s
  process   : user: 1.035 s, system: 0.513 s, faults: 0, peak rss: 711.1 MiB, peak commit: 794.8 MiB

BENCH user=1.03 sys=0.51 rss_kb=728176
