subproc 0
 pages           peak       total     current       block      total#   
  touched   :     0           0           0                                ok
  pages     :     1.1 K       8.8 K      32      
  abandoned :   843           9.1 K      10      
  reclaima  :     1.2 K  
  reclaimf  :     5.3 K  
  reabandon :     2.4 K  
  waits     :     0      
  extended  :     0      
  retire    :     0      
  searches  :     2.6 avg

 arenas          peak       total     current       block      total#   
  reserved  :     1.0 GiB     1.0 GiB     1.0 GiB                          
  committed :   607.3 MiB   607.3 MiB   607.3 MiB                          
  reset     :     0      
  purged    :   602.0 MiB
  arenas    :     1      
  rollback  :     0      
  mmaps     :     5      
  commits   :     0      
  resets    :     0      
  purges    :   170      
  guarded   :     0      
  theaps    :    54          54           0      
  heaps     :     1           1           1      
  heap waits:     0      

 process         peak       total     current       block      total#   
  threads   :    55          55           1      
  numa nodes:     1
  elapsed   :     0.673 s
  process   : user: 1.451 s, system: 0.175 s, faults: 0, peak rss: 619.8 MiB, peak commit: 607.3 MiB

BENCH user=1.45 sys=0.17 rss_kb=634736
