subproc 0
 pages           peak       total     current       block      total#   
  touched   :     0           0           0                                ok
  pages     :   953          10.2 K      34      
  abandoned :   224           4.4 K      12      
  reclaima  :   138      
  reclaimf  :     3.6 K  
  reabandon :   203      
  waits     :     0      
  extended  :     0      
  retire    :     0      
  searches  :     2.2 avg

 arenas          peak       total     current       block      total#   
  reserved  :     2.0 GiB     2.0 GiB     2.0 GiB                          
  committed :     1.1 GiB     1.1 GiB     1.1 GiB                          
  reset     :     0      
  purged    :     1.1 GiB
  arenas    :     2      
  rollback  :     0      
  mmaps     :     6      
  commits   :     0      
  resets    :     0      
  purges    :   566      
  guarded   :     0      
  theaps    :   114         114           0      
  heaps     :     1           1           1      
  heap waits:     0      

 process         peak       total     current       block      total#   
  threads   :   115         115           1      
  numa nodes:     1
  elapsed   :     0.441 s
  process   : user: 2.125 s, system: 0.755 s, faults: 0, peak rss: 1.0 GiB, peak commit: 1.1 GiB

BENCH wall=0.44 user=2.12 sys=0.75 rss_kb=1058692
