subproc 0
 pages           peak       total     current       block      total#   
  touched   :     0           0           0                                ok
  pages     :   902          10.2 K      34      
  abandoned :   233           4.3 K      12      
  reclaima  :   129      
  reclaimf  :     3.6 K  
  reabandon :   171      
  waits     :     0      
  extended  :     0      
  retire    :     0      
  searches  :     2.2 avg

 arenas          peak       total     current       block      total#   
  reserved  :     2.0 GiB     2.0 GiB     2.0 GiB                          
  committed :     1.2 GiB     1.2 GiB     1.2 GiB                          
  reset     :     0      
  purged    :     1.2 GiB
  arenas    :     2      
  rollback  :     0      
  mmaps     :     6      
  commits   :     0      
  resets    :     0      
  purges    :   661      
  guarded   :     0      
  theaps    :   133         133           0      
  heaps     :     1           1           1      
  heap waits:     0      

 process         peak       total     current       block      total#   
  threads   :   134         134           1      
  numa nodes:     1
  elapsed   :     0.468 s
  process   : user: 2.182 s, system: 0.777 s, faults: 0, peak rss: 1.0 GiB, peak commit: 1.2 GiB

BENCH wall=0.47 user=2.18 sys=0.77 rss_kb=1083856
