subproc 0
 pages           peak       total     current       block      total#   
  touched   :     0           0           0                                ok
  pages     :   800          10.0 K      34      
  abandoned :   207           4.3 K      12      
  reclaima  :   124      
  reclaimf  :     3.6 K  
  reabandon :   192      
  waits     :     0      
  extended  :     0      
  retire    :     0      
  searches  :     2.2 avg

 arenas          peak       total     current       block      total#   
  reserved  :     2.0 GiB     2.0 GiB     2.0 GiB                          
  committed :     1.3 GiB     1.3 GiB     1.3 GiB                          
  reset     :     0      
  purged    :     1.2 GiB
  arenas    :     2      
  rollback  :     0      
  mmaps     :     6      
  commits   :     0      
  resets    :     0      
  purges    :   436      
  guarded   :     0      
  theaps    :   137         137           0      
  heaps     :     1           1           1      
  heap waits:     0      

 process         peak       total     current       block      total#   
  threads   :   138         138           1      
  numa nodes:     1
  elapsed   :     0.483 s
  process   : user: 2.364 s, system: 0.852 s, faults: 0, peak rss: 1.0 GiB, peak commit: 1.3 GiB

BENCH user=2.36 sys=0.85 rss_kb=1112664
