subproc 0
 pages           peak       total     current       block      total#   
  touched   :     0           0           0                                ok
  pages     :   440           3.4 K      34      
  abandoned :    85         524          12      
  reclaima  :    29      
  reclaimf  :   319      
  reabandon :    98      
  waits     :     0      
  extended  :     0      
  retire    :     0      
  searches  :     1.4 avg

 arenas          peak       total     current       block      total#   
  reserved  :     1.0 GiB     1.0 GiB     1.0 GiB                          
  committed :   783.6 MiB   783.6 MiB   783.6 MiB                          
  reset     :     0      
  purged    :   777.2 MiB
  arenas    :     1      
  rollback  :     0      
  mmaps     :     5      
  commits   :     0      
  resets    :     0      
  purges    :   601      
  guarded   :     0      
  theaps    :   104         104           0      
  heaps     :     1           1           1      
  heap waits:     0      

 process         peak       total     current       block      total#   
  threads   :   105         105           1      
  numa nodes:     1
  elapsed   :     0.145 s
  process   : user: 1.054 s, system: 0.435 s, faults: 0, peak rss: 690.0 MiB, peak commit: 783.6 MiB

BENCH user=1.05 sys=0.43 rss_kb=706564
