subproc 0
 pages           peak       total     current       block      total#   
  touched   :     0           0           0                                ok
  pages     :   941           8.1 K      30      
  abandoned :   717           9.1 K       8      
  reclaima  :     1.0 K  
  reclaimf  :     5.4 K  
  reabandon :     2.3 K  
  waits     :     0      
  extended  :     0      
  retire    :     0      
  searches  :     2.6 avg

 arenas          peak       total     current       block      total#   
  reserved  :     1.0 GiB     1.0 GiB     1.0 GiB                          
  committed :   577.5 MiB   577.5 MiB   577.5 MiB                          
  reset     :     0      
  purged    :   572.3 MiB
  arenas    :     1      
  rollback  :     0      
  mmaps     :     4      
  commits   :     0      
  resets    :     0      
  purges    :   162      
  guarded   :     0      
  theaps    :    54          54           0      
  heaps     :     1           1           1      
  heap waits:     0      

 process         peak       total     current       block      total#   
  threads   :    55          55           1      
  numa nodes:     1
  elapsed   :     0.657 s
  process   : user: 1.408 s, system: 0.180 s, faults: 0, peak rss: 623.0 MiB, peak commit: 577.5 MiB

BENCH wall=0.66 user=1.40 sys=0.18 rss_kb=637964
