subproc 0
 pages           peak       total     current       block      total#   
  touched   :     0           0           0                                ok
  pages     :   369           3.1 K      32      
  abandoned :    80         549          10      
  reclaima  :    14      
  reclaimf  :   372      
  reabandon :    94      
  waits     :     0      
  extended  :     0      
  retire    :     0      
  searches  :     1.4 avg

 arenas          peak       total     current       block      total#   
  reserved  :     1.0 GiB     1.0 GiB     1.0 GiB                          
  committed :   789.3 MiB   789.3 MiB   789.3 MiB                          
  reset     :     0      
  purged    :   783.3 MiB
  arenas    :     1      
  rollback  :     0      
  mmaps     :     4      
  commits   :     0      
  resets    :     0      
  purges    :   221      
  guarded   :     0      
  theaps    :    87          87           0      
  heaps     :     1           1           1      
  heap waits:     0      

 process         peak       total     current       block      total#   
  threads   :    88          88           1      
  numa nodes:     1
  elapsed   :     0.140 s
  process   : user: 1.085 s, system: 0.541 s, faults: 0, peak rss: 693.8 MiB, peak commit: 789.3 MiB

BENCH wall=0.14 user=1.08 sys=0.54 rss_kb=710516
