subproc 0
 pages           peak       total     current       block      total#   
  touched   :     0           0           0                                ok
  pages     :   243           1.9 K      32      
  abandoned :    97         707          10      
  reclaima  :   216      
  reclaimf  :   384      
  reabandon :   253      
  waits     :     0      
  extended  :     0      
  retire    :     0      
  searches  :     1.1 avg

 arenas          peak       total     current       block      total#   
  reserved  :     1.0 GiB     1.0 GiB     1.0 GiB                          
  committed :   388.5 MiB   388.5 MiB   388.5 MiB                          
  reset     :     0      
  purged    :   383.1 MiB
  arenas    :     1      
  rollback  :     0      
  mmaps     :     4      
  commits   :     0      
  resets    :     0      
  purges    :   118      
  guarded   :     0      
  theaps    :    57          57           0      
  heaps     :     1           1           1      
  heap waits:     0      

 process         peak       total     current       block      total#   
  threads   :    58          58           1      
  numa nodes:     1
  elapsed   :     0.136 s
  process   : user: 0.242 s, system: 0.217 s, faults: 0, peak rss: 419.7 MiB, peak commit: 388.5 MiB

BENCH user=0.24 sys=0.21 rss_kb=429816
