subproc 0
 pages           peak       total     current       block      total#   
  touched   :     0           0           0                                ok
  pages     :   550           4.1 K      32      
  abandoned :   311         805          10      
  reclaima  :   152      
  reclaimf  :   287      
  reabandon :   443      
  waits     :     0      
  extended  :     0      
  retire    :     0      
  searches  :     2.0 avg

 arenas          peak       total     current       block      total#   
  reserved  :     1.0 GiB     1.0 GiB     1.0 GiB                          
  committed :   346.3 MiB   346.3 MiB   346.3 MiB                          
  reset     :     0      
  purged    :   340.8 MiB
  arenas    :     1      
  rollback  :     0      
  mmaps     :     4      
  commits   :     0      
  resets    :     0      
  purges    :   163      
  guarded   :     0      
  theaps    :    55          55           0      
  heaps     :     1           1           1      
  heap waits:     0      

 process         peak       total     current       block      total#   
  threads   :    56          56           1      
  numa nodes:     1
  elapsed   :     0.154 s
  process   : user: 0.281 s, system: 0.068 s, faults: 0, peak rss: 351.3 MiB, peak commit: 346.3 MiB

BENCH user=0.28 sys=0.06 rss_kb=359768
