subproc 0
 pages           peak       total     current       block      total#   
  touched   :     0           0           0                                ok
  pages     :   298           4.4 K      36      
  abandoned :   177         737          14      
  reclaima  :    92      
  reclaimf  :   269      
  reabandon :   361      
  waits     :     0      
  extended  :     0      
  retire    :     0      
  searches  :     1.4 avg

 arenas          peak       total     current       block      total#   
  reserved  :     1.0 GiB     1.0 GiB     1.0 GiB                          
  committed :   597.7 MiB   597.7 MiB   597.7 MiB                          
  reset     :     0      
  purged    :   589.8 MiB
  arenas    :     1      
  rollback  :     0      
  mmaps     :     4      
  commits   :     0      
  resets    :     0      
  purges    :   310      
  guarded   :     0      
  theaps    :   222         222           0      
  heaps     :     1           1           1      
  heap waits:     0      

 process         peak       total     current       block      total#   
  threads   :   223         223           1      
  numa nodes:     1
  elapsed   :     0.189 s
  process   : user: 0.463 s, system: 0.835 s, faults: 0, peak rss: 722.1 MiB, peak commit: 597.7 MiB

BENCH wall=0.19 user=0.46 sys=0.83 rss_kb=739460
