subproc 0
 pages           peak       total     current       block      total#   
  touched   :     0           0           0                                ok
  pages     :     1.5 K      11.6 K      34      
  abandoned :   566           4.1 K      12      
  reclaima  :   142      
  reclaimf  :     3.2 K  
  reabandon :   477      
  waits     :     0      
  extended  :     0      
  retire    :     0      
  searches  :     2.1 avg

 arenas          peak       total     current       block      total#   
  reserved  :     2.0 GiB     2.0 GiB     2.0 GiB                          
  committed :     1.7 GiB     1.7 GiB     1.7 GiB                          
  reset     :     0      
  purged    :     1.7 GiB
  arenas    :     2      
  rollback  :     0      
  mmaps     :     8      
  commits   :     0      
  resets    :     0      
  purges    :   993      
  guarded   :     0      
  theaps    :   222         222           0      
  heaps     :     1           1           1      
  heap waits:     0      

 process         peak       total     current       block      total#   
  threads   :   223         223           1      
  numa nodes:     1
  elapsed   :     0.556 s
  process   : user: 2.034 s, system: 0.879 s, faults: 0, peak rss: 1.3 GiB, peak commit: 1.7 GiB

BENCH user=2.03 sys=0.88 rss_kb=1450784
