subproc 0
 pages           peak       total     current       block      total#   
  touched   :     0           0           0                                ok
  pages     :   927          17.1 K      30      
  abandoned :   615           9.8 K       8      
  reclaima  :     2.1 K  
  reclaimf  :     5.7 K  
  reabandon :     2.8 K  
  waits     :     0      
  extended  :     0      
  retire    :     0      
  searches  :     2.5 avg

 arenas          peak       total     current       block      total#   
  reserved  :     1.0 GiB     1.0 GiB     1.0 GiB                          
  committed :   622.8 MiB   622.8 MiB   622.8 MiB                          
  reset     :     0      
  purged    :   617.6 MiB
  arenas    :     1      
  rollback  :     0      
  mmaps     :     4      
  commits   :     0      
  resets    :     0      
  purges    :   236      
  guarded   :     0      
  theaps    :    61          61           0      
  heaps     :     1           1           1      
  heap waits:     0      

 process         peak       total     current       block      total#   
  threads   :    62          62           1      
  numa nodes:     1
  elapsed   :     0.726 s
  process   : user: 1.458 s, system: 0.219 s, faults: 0, peak rss: 645.4 MiB, peak commit: 622.8 MiB

BENCH wall=0.72 user=1.45 sys=0.21 rss_kb=660924
