subproc 0
 pages           peak       total     current       block      total#   
  touched   :     0           0           0                                ok
  pages     :     3.1 K      23.0 K      36      
  abandoned :     1.2 K       5.0 K      14      
  reclaima  :   311      
  reclaimf  :     3.5 K  
  reabandon :     1.1 K  
  waits     :     0      
  extended  :     0      
  retire    :     0      
  searches  :     1.9 avg

 arenas          peak       total     current       block      total#   
  reserved  :     3.0 GiB     3.0 GiB     3.0 GiB                          
  committed :     2.2 GiB     2.2 GiB     2.2 GiB                          
  reset     :     0      
  purged    :     2.2 GiB
  arenas    :     3      
  rollback  :     0      
  mmaps     :    10      
  commits   :     0      
  resets    :     0      
  purges    :     1.7 K  
  guarded   :     0      
  theaps    :   278         278           0      
  heaps     :     1           1           1      
  heap waits:     0      

 process         peak       total     current       block      total#   
  threads   :   279         279           1      
  numa nodes:     1
  elapsed   :     0.653 s
  process   : user: 2.452 s, system: 1.438 s, faults: 0, peak rss: 2.0 GiB, peak commit: 2.2 GiB

BENCH wall=0.65 user=2.45 sys=1.43 rss_kb=2192172
