subproc 0
 pages           peak       total     current       block      total#   
  touched   :     0           0           0                                ok
  pages     :     4.5 K      28.9 K      38      
  abandoned :     2.2 K       8.3 K      16      
  reclaima  :   688      
  reclaimf  :     5.0 K  
  reabandon :     2.4 K  
  waits     :     0      
  extended  :     0      
  retire    :     0      
  searches  :     2.0 avg

 arenas          peak       total     current       block      total#   
  reserved  :     5.0 GiB     5.0 GiB     5.0 GiB                          
  committed :     3.7 GiB     3.7 GiB     3.7 GiB                          
  reset     :     0      
  purged    :     3.7 GiB
  arenas    :     5      
  rollback  :     0      
  mmaps     :    15      
  commits   :     0      
  resets    :     0      
  purges    :     1.3 K  
  guarded   :     0      
  theaps    :   494         494           0      
  heaps     :     1           1           1      
  heap waits:     0      

 process         peak       total     current       block      total#   
  threads   :   495         495           1      
  numa nodes:     1
  elapsed   :     0.832 s
  process   : user: 3.432 s, system: 2.415 s, faults: 0, peak rss: 3.5 GiB, peak commit: 3.7 GiB

BENCH user=3.43 sys=2.41 rss_kb=3684168
