subproc 0
 pages           peak       total     current       block      total#   
  touched   :     0           0           0                                ok
  pages     :     2.8 K      20.4 K      36      
  abandoned :   995           4.8 K      14      
  reclaima  :   210      
  reclaimf  :     3.7 K  
  reabandon :   671      
  waits     :     0      
  extended  :     0      
  retire    :     0      
  searches  :     1.9 avg

 arenas          peak       total     current       block      total#   
  reserved  :     3.0 GiB     3.0 GiB     3.0 GiB                          
  committed :     2.2 GiB     2.2 GiB     2.2 GiB                          
  reset     :     0      
  purged    :     5.3 GiB
  arenas    :     3      
  rollback  :     0      
  mmaps     :     9      
  commits   :     0      
  resets    :     0      
  purges    :    20.4 K  
  guarded   :     0      
  theaps    :   339         339           0      
  heaps     :     1           1           1      
  heap waits:     0      

 process         peak       total     current       block      total#   
  threads   :   340         340           1      
  numa nodes:     1
  elapsed   :     0.845 s
  process   : user: 2.226 s, system: 1.551 s, faults: 0, peak rss: 1.4 GiB, peak commit: 2.2 GiB

BENCH user=2.22 sys=1.55 rss_kb=1552200
