subproc 0
 pages           peak       total     current       block      total#   
  touched   :     0           0           0                                ok
  pages     :   549           2.6 K      31      
  abandoned :    28           1.0 K      10      
  reclaima  :    24      
  reclaimf  :   841      
  reabandon :    76      
  waits     :     0      
  extended  :     0      
  retire    :     0      
  searches  :     1.7 avg

 arenas          peak       total     current       block      total#   
  reserved  :     1.0 GiB     1.0 GiB     1.0 GiB                          
  committed :   693.1 MiB   693.1 MiB   693.1 MiB                          
  reset     :     0      
  purged    :   687.8 MiB
  arenas    :     1      
  rollback  :     0      
  mmaps     :     4      
  commits   :     0      
  resets    :     0      
  purges    :   196      
  guarded   :     0      
  theaps    :    53          53           0      
  heaps     :     1           1           1      
  heap waits:     0      

 process         peak       total     current       block      total#   
  threads   :    54          54           1      
  numa nodes:     1
  elapsed   :     0.108 s
  process   : user: 0.530 s, system: 0.180 s, faults: 0, peak rss: 552.0 MiB, peak commit: 693.1 MiB

BENCH wall=0.11 user=0.53 sys=0.18 rss_kb=565328 minor=4776
