subproc 0
 pages           peak       total     current       block      total#   
  touched   :     0           0           0                                ok
  pages     :    81           1.8 K      32      
  abandoned :    22         248          10      
  reclaima  :     8      
  reclaimf  :   146      
  reabandon :    83      
  waits     :     0      
  extended  :     0      
  retire    :     0      
  searches  :     1.0 avg

 arenas          peak       total     current       block      total#   
  reserved  :     1.0 GiB     1.0 GiB     1.0 GiB                          
  committed :   630.5 MiB   630.5 MiB   630.5 MiB                          
  reset     :     0      
  purged    :   625.1 MiB
  arenas    :     1      
  rollback  :     0      
  mmaps     :     4      
  commits   :     0      
  resets    :     0      
  purges    :   177      
  guarded   :     0      
  theaps    :    60          60           0      
  heaps     :     1           1           1      
  heap waits:     0      

 process         peak       total     current       block      total#   
  threads   :    61          61           1      
  numa nodes:     1
  elapsed   :     0.118 s
  process   : user: 0.283 s, system: 0.696 s, faults: 0, peak rss: 545.0 MiB, peak commit: 630.5 MiB

BENCH wall=0.12 user=0.28 sys=0.69 rss_kb=558140
