subproc 0
 pages           peak       total     current       block      total#   
  touched   :     0           0           0                                ok
  pages     :   980           9.1 K      31      
  abandoned :   215           4.9 K      10      
  reclaima  :   120      
  reclaimf  :     4.1 K  
  reabandon :   126      
  waits     :     0      
  extended  :     0      
  retire    :     0      
  searches  :     2.3 avg

 arenas          peak       total     current       block      total#   
  reserved  :     2.0 GiB     2.0 GiB     2.0 GiB                          
  committed :     1.0 GiB     1.0 GiB     1.0 GiB                          
  reset     :     0      
  purged    :     1.0 GiB
  arenas    :     2      
  rollback  :     0      
  mmaps     :     6      
  commits   :     0      
  resets    :     0      
  purges    :   408      
  guarded   :     0      
  theaps    :    78          78           0      
  heaps     :     1           1           1      
  heap waits:     0      

 process         peak       total     current       block      total#   
  threads   :    79          79           1      
  numa nodes:     1
  elapsed   :     0.411 s
  process   : user: 1.194 s, system: 0.378 s, faults: 0, peak rss: 855.0 MiB, peak commit: 1.0 GiB

BENCH wall=0.41 user=1.19 sys=0.37 rss_kb=875580 minor=4252
