subproc 0
 pages           peak       total     current       block      total#   
  touched   :     0           0           0                                ok
  pages     :    78         746          31      
  abandoned :    23         260          10      
  reclaima  :    81      
  reclaimf  :   140      
  reabandon :    41      
  waits     :     0      
  extended  :     0      
  retire    :     0      
  searches  :     1.0 avg

 arenas          peak       total     current       block      total#   
  reserved  :     1.0 GiB     1.0 GiB     1.0 GiB                          
  committed :   278.8 MiB   278.8 MiB   278.8 MiB                          
  reset     :     0      
  purged    :   273.7 MiB
  arenas    :     1      
  rollback  :     0      
  mmaps     :     3      
  commits   :     0      
  resets    :     0      
  purges    :   168      
  guarded   :     0      
  theaps    :    44          44           0      
  heaps     :     1           1           1      
  heap waits:     0      

 process         peak       total     current       block      total#   
  threads   :    45          45           1      
  numa nodes:     1
  elapsed   :     0.036 s
  process   : user: 0.033 s, system: 0.072 s, faults: 0, peak rss: 233.9 MiB, peak commit: 278.8 MiB

BENCH wall=0.03 user=0.03 sys=0.07 rss_kb=239544 minor=9236
