subproc 0
 pages           peak       total     current       block      total#   
  touched   :     0           0           0                                ok
  pages     :     1.2 K       8.8 K      32      
  abandoned :   954          10.3 K      10      
  reclaima  :     2.6 K  
  reclaimf  :     5.6 K  
  reabandon :     3.3 K  
  waits     :     0      
  extended  :     0      
  retire    :     0      
  searches  :     2.4 avg

 arenas          peak       total     current       block      total#   
  reserved  :     1.0 GiB     1.0 GiB     1.0 GiB                          
  committed :   560.1 MiB   560.1 MiB   560.1 MiB                          
  reset     :     0      
  purged    :   554.8 MiB
  arenas    :     1      
  rollback  :     0      
  mmaps     :     4      
  commits   :     0      
  resets    :     0      
  purges    :   198      
  guarded   :     0      
  theaps    :    48          48           0      
  heaps     :     1           1           1      
  heap waits:     0      

 process         peak       total     current       block      total#   
  threads   :    49          49           1      
  numa nodes:     1
  elapsed   :     0.776 s
  process   : user: 1.614 s, system: 0.227 s, faults: 0, peak rss: 592.1 MiB, peak commit: 560.1 MiB

BENCH wall=0.77 user=1.61 sys=0.22 rss_kb=606312
