subproc 0
 pages           peak       total     current       block      total#   
  touched   :     0           0           0                                ok
  pages     :   499           2.7 K      31      
  abandoned :    26           1.0 K      10      
  reclaima  :    16      
  reclaimf  :   810      
  reabandon :    74      
  waits     :     0      
  extended  :     0      
  retire    :     0      
  searches  :     1.7 avg

 arenas          peak       total     current       block      total#   
  reserved  :     1.0 GiB     1.0 GiB     1.0 GiB                          
  committed :   699.6 MiB   699.6 MiB   699.6 MiB                          
  reset     :     0      
  purged    :   694.3 MiB
  arenas    :     1      
  rollback  :     0      
  mmaps     :     5      
  commits   :     0      
  resets    :     0      
  purges    :   303      
  guarded   :     0      
  theaps    :    61          61           0      
  heaps     :     1           1           1      
  heap waits:     0      

 process         peak       total     current       block      total#   
  threads   :    62          62           1      
  numa nodes:     1
  elapsed   :     0.107 s
  process   : user: 0.509 s, system: 0.196 s, faults: 0, peak rss: 556.1 MiB, peak commit: 699.6 MiB

BENCH wall=0.11 user=0.50 sys=0.19 rss_kb=569448 minor=4784
