subproc 0
 pages           peak       total     current       block      total#   
  touched   :     0           0           0                                ok
  pages     :    77           1.3 K      31      
  abandoned :    21         282          10      
  reclaima  :    32      
  reclaimf  :   129      
  reabandon :   142      
  waits     :     0      
  extended  :     0      
  retire    :     0      
  searches  :     1.1 avg

 arenas          peak       total     current       block      total#   
  reserved  :     1.0 GiB     1.0 GiB     1.0 GiB                          
  committed :   521.6 MiB   521.6 MiB   521.6 MiB                          
  reset     :     0      
  purged    :   516.5 MiB
  arenas    :     1      
  rollback  :     0      
  mmaps     :     4      
  commits   :     0      
  resets    :     0      
  purges    :   146      
  guarded   :     0      
  theaps    :    44          44           0      
  heaps     :     1           1           1      
  heap waits:     0      

 process         peak       total     current       block      total#   
  threads   :    45          45           1      
  numa nodes:     1
  elapsed   :     0.105 s
  process   : user: 0.175 s, system: 0.233 s, faults: 0, peak rss: 457.8 MiB, peak commit: 521.6 MiB

BENCH wall=0.10 user=0.17 sys=0.23 rss_kb=468812 minor=10328
