subproc 0
 pages           peak       total     current       block      total#   
  touched   :     0           0           0                                ok
  pages     :     2.9 K      23.6 K      36      
  abandoned :     1.0 K       4.8 K      14      
  reclaima  :   238      
  reclaimf  :     3.6 K  
  reabandon :   820      
  waits     :     0      
  extended  :     0      
  retire    :     0      
  searches  :     1.9 avg

 arenas          peak       total     current       block      total#   
  reserved  :     3.0 GiB     3.0 GiB     3.0 GiB                          
  committed :     2.9 GiB     2.9 GiB     2.9 GiB                          
  reset     :     0      
  purged    :     2.9 GiB
  arenas    :     3      
  rollback  :     0      
  mmaps     :    11      
  commits   :     0      
  resets    :     0      
  purges    :   921      
  guarded   :     0      
  theaps    :   509         509           0      
  heaps     :     1           1           1      
  heap waits:     0      

 process         peak       total     current       block      total#   
  threads   :   510         510           1      
  numa nodes:     1
  elapsed   :     0.667 s
  process   : user: 2.220 s, system: 1.284 s, faults: 0, peak rss: 2.0 GiB, peak commit: 2.9 GiB

BENCH wall=0.67 user=2.22 sys=1.28 rss_kb=2156712
