subproc 0
 pages           peak       total     current       block      total#   
  touched   :     0           0           0                                ok
  pages     :    79           1.8 K      32      
  abandoned :    21         263          10      
  reclaima  :    69      
  reclaimf  :   105      
  reabandon :   143      
  waits     :     0      
  extended  :     0      
  retire    :     0      
  searches  :     1.0 avg

 arenas          peak       total     current       block      total#   
  reserved  :     1.0 GiB     1.0 GiB     1.0 GiB                          
  committed :   634.1 MiB   634.1 MiB   634.1 MiB                          
  reset     :     0      
  purged    :   628.6 MiB
  arenas    :     1      
  rollback  :     0      
  mmaps     :     5      
  commits   :     0      
  resets    :     0      
  purges    :   236      
  guarded   :     0      
  theaps    :    65          65           0      
  heaps     :     1           1           1      
  heap waits:     0      

 process         peak       total     current       block      total#   
  threads   :    66          66           1      
  numa nodes:     1
  elapsed   :     0.119 s
  process   : user: 0.283 s, system: 0.649 s, faults: 0, peak rss: 530.9 MiB, peak commit: 634.1 MiB

BENCH wall=0.12 user=0.28 sys=0.65 rss_kb=543660
