subproc 0
 pages           peak       total     current       block      total#   
  touched   :     0           0           0                                ok
  pages     :    79           1.2 K      31      
  abandoned :    33         238          10      
  reclaima  :    62      
  reclaimf  :   112      
  reabandon :    59      
  waits     :     0      
  extended  :     0      
  retire    :     0      
  searches  :     0.9 avg

 arenas          peak       total     current       block      total#   
  reserved  :     1.0 GiB     1.0 GiB     1.0 GiB                          
  committed :   419.7 MiB   419.7 MiB   419.7 MiB                          
  reset     :     0      
  purged    :   414.4 MiB
  arenas    :     1      
  rollback  :     0      
  mmaps     :     3      
  commits   :     0      
  resets    :     0      
  purges    :   304      
  guarded   :     0      
  theaps    :    66          66           0      
  heaps     :     1           1           1      
  heap waits:     0      

 process         peak       total     current       block      total#   
  threads   :    67          67           1      
  numa nodes:     1
  elapsed   :     0.029 s
  process   : user: 0.088 s, system: 0.160 s, faults: 0, peak rss: 353.2 MiB, peak commit: 419.7 MiB

BENCH wall=0.03 user=0.08 sys=0.16 rss_kb=361708 minor=9584
