subproc 0
 pages           peak       total     current       block      total#   
  touched   :     0           0           0                                ok
  pages     :   472           7.2 K      37      
  abandoned :   289           2.4 K      16      
  reclaima  :   379      
  reclaimf  :   809      
  reabandon :     1.6 K  
  waits     :     0      
  extended  :     0      
  retire    :     0      
  searches  :     2.0 avg

 arenas          peak       total     current       block      total#   
  reserved  :     1.0 GiB     1.0 GiB     1.0 GiB                          
  committed :   522.6 MiB   522.6 MiB   522.6 MiB                          
  reset     :     0      
  purged    :   508.0 MiB
  arenas    :     1      
  rollback  :     0      
  mmaps     :     4      
  commits   :     0      
  resets    :     0      
  purges    :   408      
  guarded   :     0      
  theaps    :   528         528           0      
  heaps     :     1           1           1      
  heap waits:     0      

 process         peak       total     current       block      total#   
  threads   :   529         529           1      
  numa nodes:     1
  elapsed   :     0.240 s
  process   : user: 0.459 s, system: 0.374 s, faults: 0, peak rss: 648.8 MiB, peak commit: 522.6 MiB

BENCH wall=0.24 user=0.45 sys=0.37 rss_kb=664400 minor=37700
