subproc 0
 pages           peak       total     current       block      total#   
  touched   :     0           0           0                                ok
  pages     :     2.2 K      20.0 K      35      
  abandoned :   951           6.1 K      14      
  reclaima  :   309      
  reclaimf  :     4.7 K  
  reabandon :     1.0 K  
  waits     :     0      
  extended  :     0      
  retire    :     0      
  searches  :     2.0 avg

 arenas          peak       total     current       block      total#   
  reserved  :     2.0 GiB     2.0 GiB     2.0 GiB                          
  committed :     1.8 GiB     1.8 GiB     1.8 GiB                          
  reset     :     0      
  purged    :     1.8 GiB
  arenas    :     2      
  rollback  :     0      
  mmaps     :     8      
  commits   :     0      
  resets    :     0      
  purges    :     1.1 K  
  guarded   :     0      
  theaps    :   248         248           0      
  heaps     :     1           1           1      
  heap waits:     0      

 process         peak       total     current       block      total#   
  threads   :   249         249           1      
  numa nodes:     1
  elapsed   :     0.585 s
  process   : user: 1.604 s, system: 0.652 s, faults: 0, peak rss: 1.4 GiB, peak commit: 1.8 GiB

BENCH wall=0.58 user=1.60 sys=0.65 rss_kb=1538424 minor=4577
