subproc 0
 pages           peak       total     current       block      total#   
  touched   :     0           0           0                                ok
  pages     :    78           1.2 K      30      
  abandoned :    29         228           8      
  reclaima  :    52      
  reclaimf  :   116      
  reabandon :    53      
  waits     :     0      
  extended  :     0      
  retire    :     0      
  searches  :     0.9 avg

 arenas          peak       total     current       block      total#   
  reserved  :     1.0 GiB     1.0 GiB     1.0 GiB                          
  committed :   420.6 MiB   420.6 MiB   420.6 MiB                          
  reset     :     0      
  purged    :   415.3 MiB
  arenas    :     1      
  rollback  :     0      
  mmaps     :     4      
  commits   :     0      
  resets    :     0      
  purges    :   240      
  guarded   :     0      
  theaps    :    65          65           0      
  heaps     :     1           1           1      
  heap waits:     0      

 process         peak       total     current       block      total#   
  threads   :    66          66           1      
  numa nodes:     1
  elapsed   :     0.032 s
  process   : user: 0.055 s, system: 0.176 s, faults: 0, peak rss: 358.7 MiB, peak commit: 420.6 MiB

BENCH wall=0.03 user=0.05 sys=0.17 rss_kb=367308 minor=9585
