subproc 0
 pages           peak       total     current       block      total#   
  touched   :     0           0           0                                ok
  pages     :    83           1.2 K      31      
  abandoned :    39         236          10      
  reclaima  :    36      
  reclaimf  :   118      
  reabandon :    65      
  waits     :     0      
  extended  :     0      
  retire    :     0      
  searches  :     0.9 avg

 arenas          peak       total     current       block      total#   
  reserved  :     1.0 GiB     1.0 GiB     1.0 GiB                          
  committed :   428.8 MiB   428.8 MiB   428.8 MiB                          
  reset     :     0      
  purged    :   423.3 MiB
  arenas    :     1      
  rollback  :     0      
  mmaps     :     4      
  commits   :     0      
  resets    :     0      
  purges    :   219      
  guarded   :     0      
  theaps    :    74          74           0      
  heaps     :     1           1           1      
  heap waits:     0      

 process         peak       total     current       block      total#   
  threads   :    75          75           1      
  numa nodes:     1
  elapsed   :     0.029 s
  process   : user: 0.079 s, system: 0.177 s, faults: 0, peak rss: 361.3 MiB, peak commit: 428.8 MiB

BENCH wall=0.03 user=0.07 sys=0.17 rss_kb=370056 minor=9588
