subproc 0
 pages           peak       total     current       block      total#   
  touched   :     0           0           0                                ok
  pages     :   502           3.4 K      31      
  abandoned :   302         550          10      
  reclaima  :     3      
  reclaimf  :   378      
  reabandon :   156      
  waits     :     0      
  extended  :     0      
  retire    :     0      
  searches  :     1.5 avg

 arenas          peak       total     current       block      total#   
  reserved  :     1.0 GiB     1.0 GiB     1.0 GiB                          
  committed :   161.8 MiB   161.8 MiB   161.8 MiB                          
  reset     :     0      
  purged    :   156.7 MiB
  arenas    :     1      
  rollback  :     0      
  mmaps     :     3      
  commits   :     0      
  resets    :     0      
  purges    :   195      
  guarded   :     0      
  theaps    :    44          44           0      
  heaps     :     1           1           1      
  heap waits:     0      

 process         peak       total     current       block      total#   
  threads   :    45          45           1      
  numa nodes:     1
  elapsed   :     0.136 s
  process   : user: 0.145 s, system: 0.134 s, faults: 0, peak rss: 208.1 MiB, peak commit: 161.8 MiB

BENCH wall=0.13 user=0.14 sys=0.13 rss_kb=213148 minor=52234
