subproc 0
 pages           peak       total     current       block      total#   
  touched   :     0           0           0                                ok
  pages     :     2.1 K       8.2 K      37      
  abandoned :   801           2.2 K      16      
  reclaima  :   214      
  reclaimf  :     1.2 K  
  reabandon :     1.0 K  
  waits     :     0      
  extended  :     0      
  retire    :     0      
  searches  :     2.0 avg

 arenas          peak       total     current       block      total#   
  reserved  :     1.0 GiB     1.0 GiB     1.0 GiB                          
  committed :   640.6 MiB   640.6 MiB   640.6 MiB                          
  reset     :     0      
  purged    :   626.0 MiB
  arenas    :     1      
  rollback  :     0      
  mmaps     :     4      
  commits   :     0      
  resets    :     0      
  purges    :   914      
  guarded   :     0      
  theaps    :   528         528           0      
  heaps     :     1           1           1      
  heap waits:     0      

 process         peak       total     current       block      total#   
  threads   :   529         529           1      
  numa nodes:     1
  elapsed   :     0.221 s
  process   : user: 0.714 s, system: 0.315 s, faults: 0, peak rss: 644.7 MiB, peak commit: 640.6 MiB

BENCH wall=0.22 user=0.71 sys=0.31 rss_kb=660252 minor=13787
