subproc 0
 pages           peak       total     current       block      total#   
  touched   :     0           0           0                                ok
  pages     :    94           1.3 K      31      
  abandoned :    52         242          10      
  reclaima  :    41      
  reclaimf  :   116      
  reabandon :    73      
  waits     :     0      
  extended  :     0      
  retire    :     0      
  searches  :     0.9 avg

 arenas          peak       total     current       block      total#   
  reserved  :     1.0 GiB     1.0 GiB     1.0 GiB                          
  committed :   447.5 MiB   447.5 MiB   447.5 MiB                          
  reset     :     0      
  purged    :   442.0 MiB
  arenas    :     1      
  rollback  :     0      
  mmaps     :     4      
  commits   :     0      
  resets    :     0      
  purges    :   133      
  guarded   :     0      
  theaps    :    78          78           0      
  heaps     :     1           1           1      
  heap waits:     0      

 process         peak       total     current       block      total#   
  threads   :    79          79           1      
  numa nodes:     1
  elapsed   :     0.032 s
  process   : user: 0.072 s, system: 0.193 s, faults: 0, peak rss: 385.5 MiB, peak commit: 447.5 MiB

BENCH wall=0.03 user=0.07 sys=0.19 rss_kb=394788 minor=9620
