subproc 0
 pages           peak       total     current       block      total#   
  touched   :     0           0           0                                ok
  pages     :   516           7.9 K      38      
  abandoned :   332           2.2 K      16      
  reclaima  :   368      
  reclaimf  :   640      
  reabandon :     1.5 K  
  waits     :     0      
  extended  :     0      
  retire    :     0      
  searches  :     1.9 avg

 arenas          peak       total     current       block      total#   
  reserved  :     1.0 GiB     1.0 GiB     1.0 GiB                          
  committed :   582.0 MiB   582.0 MiB   582.0 MiB                          
  reset     :     0      
  purged    :   567.1 MiB
  arenas    :     1      
  rollback  :     0      
  mmaps     :     4      
  commits   :     0      
  resets    :     0      
  purges    :   380      
  guarded   :     0      
  theaps    :   544         544           0      
  heaps     :     1           1           1      
  heap waits:     0      

 process         peak       total     current       block      total#   
  threads   :   545         545           1      
  numa nodes:     1
  elapsed   :     0.263 s
  process   : user: 0.639 s, system: 1.269 s, faults: 0, peak rss: 806.0 MiB, peak commit: 582.0 MiB

BENCH wall=0.26 user=0.63 sys=1.27 rss_kb=825360
