subproc 0
 pages           peak       total     current       block      total#   
  touched   :     0           0           0                                ok
  pages     :    88           1.3 K      31      
  abandoned :    45         241          10      
  reclaima  :    61      
  reclaimf  :   101      
  reabandon :    68      
  waits     :     0      
  extended  :     0      
  retire    :     0      
  searches  :     0.9 avg

 arenas          peak       total     current       block      total#   
  reserved  :     1.0 GiB     1.0 GiB     1.0 GiB                          
  committed :   412.6 MiB   412.6 MiB   412.6 MiB                          
  reset     :     0      
  purged    :   407.1 MiB
  arenas    :     1      
  rollback  :     0      
  mmaps     :     4      
  commits   :     0      
  resets    :     0      
  purges    :   207      
  guarded   :     0      
  theaps    :    82          82           0      
  heaps     :     1           1           1      
  heap waits:     0      

 process         peak       total     current       block      total#   
  threads   :    83          83           1      
  numa nodes:     1
  elapsed   :     0.030 s
  process   : user: 0.070 s, system: 0.168 s, faults: 0, peak rss: 359.4 MiB, peak commit: 412.6 MiB

BENCH wall=0.03 user=0.07 sys=0.16 rss_kb=368064 minor=9610
