subproc 0
 pages           peak       total     current       block      total#   
  touched   :     0           0           0                                ok
  pages     :     2.1 K       8.3 K      37      
  abandoned :   857           2.2 K      16      
  reclaima  :   161      
  reclaimf  :     1.1 K  
  reabandon :   983      
  waits     :     0      
  extended  :     0      
  retire    :     0      
  searches  :     2.0 avg

 arenas          peak       total     current       block      total#   
  reserved  :     1.0 GiB     1.0 GiB     1.0 GiB                          
  committed :   681.5 MiB   681.5 MiB   681.5 MiB                          
  reset     :     0      
  purged    :   666.7 MiB
  arenas    :     1      
  rollback  :     0      
  mmaps     :     5      
  commits   :     0      
  resets    :     0      
  purges    :     1.0 K  
  guarded   :     0      
  theaps    :   528         528           0      
  heaps     :     1           1           1      
  heap waits:     0      

 process         peak       total     current       block      total#   
  threads   :   529         529           1      
  numa nodes:     1
  elapsed   :     0.216 s
  process   : user: 0.716 s, system: 0.288 s, faults: 0, peak rss: 670.8 MiB, peak commit: 681.5 MiB

BENCH wall=0.21 user=0.71 sys=0.28 rss_kb=686948 minor=13998
