subproc 0
 pages           peak       total     current       block      total#   
  touched   :     0           0           0                                ok
  pages     :   547           2.7 K      31      
  abandoned :    36           1.0 K      10      
  reclaima  :    23      
  reclaimf  :   808      
  reabandon :    67      
  waits     :     0      
  extended  :     0      
  retire    :     0      
  searches  :     1.6 avg

 arenas          peak       total     current       block      total#   
  reserved  :     1.0 GiB     1.0 GiB     1.0 GiB                          
  committed :   759.9 MiB   759.9 MiB   759.9 MiB                          
  reset     :     0      
  purged    :   754.5 MiB
  arenas    :     1      
  rollback  :     0      
  mmaps     :     4      
  commits   :     0      
  resets    :     0      
  purges    :   454      
  guarded   :     0      
  theaps    :    72          72           0      
  heaps     :     1           1           1      
  heap waits:     0      

 process         peak       total     current       block      total#   
  threads   :    73          73           1      
  numa nodes:     1
  elapsed   :     0.110 s
  process   : user: 0.504 s, system: 0.224 s, faults: 0, peak rss: 596.2 MiB, peak commit: 759.9 MiB

BENCH wall=0.11 user=0.50 sys=0.22 rss_kb=610540 minor=4974
