subproc 0
 pages           peak       total     current       block      total#   
  touched   :     0           0           0                                ok
  pages     :   475           1.9 K      32      
  abandoned :   271         698          10      
  reclaima  :   108      
  reclaimf  :   308      
  reabandon :   326      
  waits     :     0      
  extended  :     0      
  retire    :     0      
  searches  :     2.1 avg

 arenas          peak       total     current       block      total#   
  reserved  :     1.0 GiB     1.0 GiB     1.0 GiB                          
  committed :   293.6 MiB   293.6 MiB   293.6 MiB                          
  reset     :     0      
  purged    :   288.3 MiB
  arenas    :     1      
  rollback  :     0      
  mmaps     :     4      
  commits   :     0      
  resets    :     0      
  purges    :    93      
  guarded   :     0      
  theaps    :    52          52           0      
  heaps     :     1           1           1      
  heap waits:     0      

 process         peak       total     current       block      total#   
  threads   :    53          53           1      
  numa nodes:     1
  elapsed   :     0.121 s
  process   : user: 0.214 s, system: 0.071 s, faults: 0, peak rss: 317.3 MiB, peak commit: 293.6 MiB

BENCH wall=0.12 user=0.21 sys=0.07 rss_kb=324968
