subproc 0
 pages           peak       total     current       block      total#   
  touched   :     0           0           0                                ok
  pages     :   158           1.0 K      31      
  abandoned :    45         248          10      
  reclaima  :    66      
  reclaimf  :   139      
  reabandon :    32      
  waits     :     0      
  extended  :     0      
  retire    :     0      
  searches  :     1.3 avg

 arenas          peak       total     current       block      total#   
  reserved  :     1.0 GiB     1.0 GiB     1.0 GiB                          
  committed :   202.3 MiB   202.3 MiB   202.3 MiB                          
  reset     :     0      
  purged    :   197.1 MiB
  arenas    :     1      
  rollback  :     0      
  mmaps     :     3      
  commits   :     0      
  resets    :     0      
  purges    :    69      
  guarded   :     0      
  theaps    :    50          50           0      
  heaps     :     1           1           1      
  heap waits:     0      

 process         peak       total     current       block      total#   
  threads   :    51          51           1      
  numa nodes:     1
  elapsed   :     0.050 s
  process   : user: 0.067 s, system: 0.067 s, faults: 0, peak rss: 227.9 MiB, peak commit: 202.3 MiB

BENCH wall=0.05 user=0.06 sys=0.06 rss_kb=233392 minor=15269
