subproc 0
 pages           peak       total     current       block      total#   
  touched   :     0           0           0                                ok
  pages     :   195           1.9 K      33      
  abandoned :    94         269          12      
  reclaima  :    51      
  reclaimf  :   144      
  reabandon :    30      
  waits     :     0      
  extended  :     0      
  retire    :     0      
  searches  :     1.1 avg

 arenas          peak       total     current       block      total#   
  reserved  :     1.0 GiB     1.0 GiB     1.0 GiB                          
  committed :   340.4 MiB   340.4 MiB   340.4 MiB                          
  reset     :     0      
  purged    :   333.8 MiB
  arenas    :     1      
  rollback  :     0      
  mmaps     :     4      
  commits   :     0      
  resets    :     0      
  purges    :   451      
  guarded   :     0      
  theaps    :   130         130           0      
  heaps     :     1           1           1      
  heap waits:     0      

 process         peak       total     current       block      total#   
  threads   :   131         131           1      
  numa nodes:     1
  elapsed   :     0.046 s
  process   : user: 0.099 s, system: 0.175 s, faults: 0, peak rss: 373.4 MiB, peak commit: 340.4 MiB

BENCH wall=0.04 user=0.09 sys=0.17 rss_kb=382372 minor=15863
