subproc 0
 pages           peak       total     current       block      total#   
  touched   :     0           0           0                                ok
  pages     :   156           1.1 K      31      
  abandoned :    45         238          10      
  reclaima  :    62      
  reclaimf  :   139      
  reabandon :    32      
  waits     :     0      
  extended  :     0      
  retire    :     0      
  searches  :     1.2 avg

 arenas          peak       total     current       block      total#   
  reserved  :     1.0 GiB     1.0 GiB     1.0 GiB                          
  committed :   191.5 MiB   191.5 MiB   191.5 MiB                          
  reset     :     0      
  purged    :   186.3 MiB
  arenas    :     1      
  rollback  :     0      
  mmaps     :     4      
  commits   :     0      
  resets    :     0      
  purges    :    84      
  guarded   :     0      
  theaps    :    43          43           0      
  heaps     :     1           1           1      
  heap waits:     0      

 process         peak       total     current       block      total#   
  threads   :    44          44           1      
  numa nodes:     1
  elapsed   :     0.049 s
  process   : user: 0.056 s, system: 0.068 s, faults: 0, peak rss: 212.2 MiB, peak commit: 191.5 MiB

BENCH wall=0.05 user=0.05 sys=0.06 rss_kb=217308 minor=15234
