subproc 0
 pages           peak       total     current       block      total#   
  touched   :     0           0           0                                ok
  pages     :   191           2.0 K      33      
  abandoned :    81         384          12      
  reclaima  :    42      
  reclaimf  :   149      
  reabandon :   136      
  waits     :     0      
  extended  :     0      
  retire    :     0      
  searches  :     1.2 avg

 arenas          peak       total     current       block      total#   
  reserved  :     1.0 GiB     1.0 GiB     1.0 GiB                          
  committed :   430.5 MiB   430.5 MiB   430.5 MiB                          
  reset     :     0      
  purged    :   424.1 MiB
  arenas    :     1      
  rollback  :     0      
  mmaps     :     3      
  commits   :     0      
  resets    :     0      
  purges    :   279      
  guarded   :     0      
  theaps    :   113         113           0      
  heaps     :     1           1           1      
  heap waits:     0      

 process         peak       total     current       block      total#   
  threads   :   114         114           1      
  numa nodes:     1
  elapsed   :     0.126 s
  process   : user: 0.216 s, system: 0.215 s, faults: 0, peak rss: 452.4 MiB, peak commit: 430.5 MiB

BENCH wall=0.12 user=0.21 sys=0.21 rss_kb=463256 minor=12393
