subproc 0
 pages           peak       total     current       block      total#   
  touched   :     0           0           0                                ok
  pages     :   893           2.6 K      33      
  abandoned :   150         730          12      
  reclaima  :    23      
  reclaimf  :   504      
  reabandon :   136      
  waits     :     0      
  extended  :     0      
  retire    :     0      
  searches  :     1.5 avg

 arenas          peak       total     current       block      total#   
  reserved  :     1.0 GiB     1.0 GiB     1.0 GiB                          
  committed :   595.6 MiB   595.6 MiB   595.6 MiB                          
  reset     :     0      
  purged    :   589.3 MiB
  arenas    :     1      
  rollback  :     0      
  mmaps     :     4      
  commits   :     0      
  resets    :     0      
  purges    :   396      
  guarded   :     0      
  theaps    :   108         108           0      
  heaps     :     1           1           1      
  heap waits:     0      

 process         peak       total     current       block      total#   
  threads   :   109         109           1      
  numa nodes:     1
  elapsed   :     0.116 s
  process   : user: 0.451 s, system: 0.182 s, faults: 0, peak rss: 544.0 MiB, peak commit: 595.6 MiB

BENCH wall=0.11 user=0.45 sys=0.18 rss_kb=557100 minor=6217
