subproc 0
 pages           peak       total     current       block      total#   
  touched   :     0           0           0                                ok
  pages     :   192           2.4 K      35      
  abandoned :    98         267          14      
  reclaima  :    36      
  reclaimf  :   141      
  reabandon :    32      
  waits     :     0      
  extended  :     0      
  retire    :     0      
  searches  :     1.0 avg

 arenas          peak       total     current       block      total#   
  reserved  :     1.0 GiB     1.0 GiB     1.0 GiB                          
  committed :   383.3 MiB   383.3 MiB   383.3 MiB                          
  reset     :     0      
  purged    :   375.8 MiB
  arenas    :     1      
  rollback  :     0      
  mmaps     :     4      
  commits   :     0      
  resets    :     0      
  purges    :   289      
  guarded   :     0      
  theaps    :   174         174           0      
  heaps     :     1           1           1      
  heap waits:     0      

 process         peak       total     current       block      total#   
  threads   :   175         175           1      
  numa nodes:     1
  elapsed   :     0.043 s
  process   : user: 0.111 s, system: 0.198 s, faults: 0, peak rss: 411.5 MiB, peak commit: 383.3 MiB

BENCH wall=0.04 user=0.11 sys=0.19 rss_kb=421428 minor=16269
