subproc 0
 pages           peak       total     current       block      total#   
  touched   :     0           0           0                                ok
  pages     :   474           3.3 K      31      
  abandoned :   272         697          10      
  reclaima  :    96      
  reclaimf  :   432      
  reabandon :   185      
  waits     :     0      
  extended  :     0      
  retire    :     0      
  searches  :     2.1 avg

 arenas          peak       total     current       block      total#   
  reserved  :     1.0 GiB     1.0 GiB     1.0 GiB                          
  committed :   305.6 MiB   305.6 MiB   305.6 MiB                          
  reset     :     0      
  purged    :   300.5 MiB
  arenas    :     1      
  rollback  :     0      
  mmaps     :     4      
  commits   :     0      
  resets    :     0      
  purges    :    93      
  guarded   :     0      
  theaps    :    46          46           0      
  heaps     :     1           1           1      
  heap waits:     0      

 process         peak       total     current       block      total#   
  threads   :    47          47           1      
  numa nodes:     1
  elapsed   :     0.100 s
  process   : user: 0.176 s, system: 0.071 s, faults: 0, peak rss: 311.5 MiB, peak commit: 305.6 MiB

BENCH wall=0.10 user=0.17 sys=0.07 rss_kb=318984 minor=5661
