subproc 0
 pages           peak       total     current       block      total#   
  touched   :     0           0           0                                ok
  pages     :     1.1 K      14.0 K      33      
  abandoned :   229           4.9 K      12      
  reclaima  :   120      
  reclaimf  :     4.2 K  
  reabandon :   187      
  waits     :     0      
  extended  :     0      
  retire    :     0      
  searches  :     2.2 avg

 arenas          peak       total     current       block      total#   
  reserved  :     2.0 GiB     2.0 GiB     2.0 GiB                          
  committed :     1.1 GiB     1.1 GiB     1.1 GiB                          
  reset     :     0      
  purged    :     1.1 GiB
  arenas    :     2      
  rollback  :     0      
  mmaps     :     7      
  commits   :     0      
  resets    :     0      
  purges    :   452      
  guarded   :     0      
  theaps    :   127         127           0      
  heaps     :     1           1           1      
  heap waits:     0      

 process         peak       total     current       block      total#   
  threads   :   128         128           1      
  numa nodes:     1
  elapsed   :     0.437 s
  process   : user: 1.216 s, system: 0.333 s, faults: 0, peak rss: 956.4 MiB, peak commit: 1.1 GiB

BENCH wall=0.44 user=1.21 sys=0.33 rss_kb=979376 minor=4063
