subproc 0
 pages           peak       total     current       block      total#   
  touched   :     0           0           0                                ok
  pages     :     1.1 K       9.8 K      29      
  abandoned :   757           9.7 K       8      
  reclaima  :     1.6 K  
  reclaimf  :     5.7 K  
  reabandon :     2.6 K  
  waits     :     0      
  extended  :     0      
  retire    :     0      
  searches  :     2.5 avg

 arenas          peak       total     current       block      total#   
  reserved  :     1.0 GiB     1.0 GiB     1.0 GiB                          
  committed :   631.1 MiB   631.1 MiB   631.1 MiB                          
  reset     :     0      
  purged    :   626.5 MiB
  arenas    :     1      
  rollback  :     0      
  mmaps     :     4      
  commits   :     0      
  resets    :     0      
  purges    :   234      
  guarded   :     0      
  theaps    :    39          39           0      
  heaps     :     1           1           1      
  heap waits:     0      

 process         peak       total     current       block      total#   
  threads   :    40          40           1      
  numa nodes:     1
  elapsed   :     0.705 s
  process   : user: 1.473 s, system: 0.148 s, faults: 0, peak rss: 665.1 MiB, peak commit: 631.1 MiB

BENCH wall=0.70 user=1.47 sys=0.14 rss_kb=681124 minor=20118
