subproc 0
 pages           peak       total     current       block      total#   
  touched   :     0           0           0                                ok
  pages     :   569           2.9 K      29      
  abandoned :   305           1.0 K       8      
  reclaima  :   295      
  reclaimf  :   500      
  reabandon :   464      
  waits     :     0      
  extended  :     0      
  retire    :     0      
  searches  :     1.4 avg

 arenas          peak       total     current       block      total#   
  reserved  :     1.0 GiB     1.0 GiB     1.0 GiB                          
  committed :   347.5 MiB   347.5 MiB   347.5 MiB                          
  reset     :     0      
  purged    :   343.0 MiB
  arenas    :     1      
  rollback  :     0      
  mmaps     :     4      
  commits   :     0      
  resets    :     0      
  purges    :   160      
  guarded   :     0      
  theaps    :    41          41           0      
  heaps     :     1           1           1      
  heap waits:     0      

 process         peak       total     current       block      total#   
  threads   :    42          42           1      
  numa nodes:     1
  elapsed   :     0.164 s
  process   : user: 0.274 s, system: 0.097 s, faults: 0, peak rss: 368.4 MiB, peak commit: 347.5 MiB

BENCH wall=0.16 user=0.27 sys=0.09 rss_kb=377304 minor=27849
