subproc 0
 pages           peak       total     current       block      total#   
  touched   :     0           0           0                                ok
  pages     :   272           3.7 K      37      
  abandoned :   150         298          16      
  reclaima  :     9      
  reclaimf  :   175      
  reabandon :    29      
  waits     :     0      
  extended  :     0      
  retire    :     0      
  searches  :     1.2 avg

 arenas          peak       total     current       block      total#   
  reserved  :     1.0 GiB     1.0 GiB     1.0 GiB                          
  committed :   495.3 MiB   495.3 MiB   495.3 MiB                          
  reset     :     0      
  purged    :   482.1 MiB
  arenas    :     1      
  rollback  :     0      
  mmaps     :     4      
  commits   :     0      
  resets    :     0      
  purges    :   455      
  guarded   :     0      
  theaps    :   369         369           0      
  heaps     :     1           1           1      
  heap waits:     0      

 process         peak       total     current       block      total#   
  threads   :   370         370           1      
  numa nodes:     1
  elapsed   :     0.083 s
  process   : user: 0.162 s, system: 0.322 s, faults: 0, peak rss: 541.5 MiB, peak commit: 495.3 MiB

BENCH wall=0.08 user=0.16 sys=0.32 rss_kb=554544 minor=29625
