subproc 0
 pages           peak       total     current       block      total#   
  touched   :     0           0           0                                ok
  pages     :   495           3.1 K      32      
  abandoned :   239         968          10      
  reclaima  :   315      
  reclaimf  :   438      
  reabandon :   439      
  waits     :     0      
  extended  :     0      
  retire    :     0      
  searches  :     1.4 avg

 arenas          peak       total     current       block      total#   
  reserved  :     1.0 GiB     1.0 GiB     1.0 GiB                          
  committed :   352.6 MiB   352.6 MiB   352.6 MiB                          
  reset     :     0      
  purged    :   347.3 MiB
  arenas    :     1      
  rollback  :     0      
  mmaps     :     4      
  commits   :     0      
  resets    :     0      
  purges    :   166      
  guarded   :     0      
  theaps    :    47          47           0      
  heaps     :     1           1           1      
  heap waits:     0      

 process         peak       total     current       block      total#   
  threads   :    48          48           1      
  numa nodes:     1
  elapsed   :     0.176 s
  process   : user: 0.310 s, system: 0.198 s, faults: 0, peak rss: 369.0 MiB, peak commit: 352.6 MiB

BENCH wall=0.17 user=0.31 sys=0.19 rss_kb=377856
