subproc 0
 pages           peak       total     current       block      total#   
  touched   :     0           0           0                                ok
  pages     :   294           4.8 K      38      
  abandoned :   172         758          16      
  reclaima  :   123      
  reclaimf  :   266      
  reabandon :   358      
  waits     :     0      
  extended  :     0      
  retire    :     0      
  searches  :     1.4 avg

 arenas          peak       total     current       block      total#   
  reserved  :     1.0 GiB     1.0 GiB     1.0 GiB                          
  committed :   666.5 MiB   666.5 MiB   666.5 MiB                          
  reset     :     0      
  purged    :   653.1 MiB
  arenas    :     1      
  rollback  :     0      
  mmaps     :     5      
  commits   :     0      
  resets    :     0      
  purges    :   290      
  guarded   :     0      
  theaps    :   359         359           0      
  heaps     :     1           1           1      
  heap waits:     0      

 process         peak       total     current       block      total#   
  threads   :   360         360           1      
  numa nodes:     1
  elapsed   :     0.198 s
  process   : user: 0.508 s, system: 0.967 s, faults: 0, peak rss: 774.9 MiB, peak commit: 666.5 MiB

BENCH wall=0.20 user=0.50 sys=0.96 rss_kb=793512
