subproc 0
 pages           peak       total     current       block      total#   
  touched   :     0           0           0                                ok
  pages     :   607           4.4 K      31      
  abandoned :   346         839          10      
  reclaima  :   150      
  reclaimf  :   501      
  reabandon :   259      
  waits     :     0      
  extended  :     0      
  retire    :     0      
  searches  :     1.9 avg

 arenas          peak       total     current       block      total#   
  reserved  :     1.0 GiB     1.0 GiB     1.0 GiB                          
  committed :   339.8 MiB   339.8 MiB   339.8 MiB                          
  reset     :     0      
  purged    :   334.6 MiB
  arenas    :     1      
  rollback  :     0      
  mmaps     :     4      
  commits   :     0      
  resets    :     0      
  purges    :   162      
  guarded   :     0      
  theaps    :    45          45           0      
  heaps     :     1           1           1      
  heap waits:     0      

 process         peak       total     current       block      total#   
  threads   :    46          46           1      
  numa nodes:     1
  elapsed   :     0.122 s
  process   : user: 0.209 s, system: 0.061 s, faults: 0, peak rss: 356.0 MiB, peak commit: 339.8 MiB

BENCH wall=0.12 user=0.20 sys=0.06 rss_kb=364592 minor=8105
