subproc 0
 pages           peak       total     current       block      total#   
  touched   :     0           0           0                                ok
  pages     :   280           3.8 K      33      
  abandoned :   146           1.0 K      12      
  reclaima  :   205      
  reclaimf  :   453      
  reabandon :   580      
  waits     :     0      
  extended  :     0      
  retire    :     0      
  searches  :     1.6 avg

 arenas          peak       total     current       block      total#   
  reserved  :     1.0 GiB     1.0 GiB     1.0 GiB                          
  committed :   506.6 MiB   506.6 MiB   506.6 MiB                          
  reset     :     0      
  purged    :   499.8 MiB
  arenas    :     1      
  rollback  :     0      
  mmaps     :     4      
  commits   :     0      
  resets    :     0      
  purges    :   218      
  guarded   :     0      
  theaps    :   165         165           0      
  heaps     :     1           1           1      
  heap waits:     0      

 process         peak       total     current       block      total#   
  threads   :   166         166           1      
  numa nodes:     1
  elapsed   :     0.155 s
  process   : user: 0.287 s, system: 0.313 s, faults: 0, peak rss: 617.1 MiB, peak commit: 506.6 MiB

BENCH wall=0.15 user=0.28 sys=0.31 rss_kb=631948 minor=26768
