subproc 0
 pages           peak       total     current       block      total#   
  touched   :     0           0           0                                ok
  pages     :     1.0 K       9.4 K      30      
  abandoned :   734           9.7 K       8      
  reclaima  :     1.9 K  
  reclaimf  :     5.1 K  
  reabandon :     3.2 K  
  waits     :     1      
  extended  :     0      
  retire    :     0      
  searches  :     2.5 avg

 arenas          peak       total     current       block      total#   
  reserved  :     1.0 GiB     1.0 GiB     1.0 GiB                          
  committed :   581.1 MiB   581.1 MiB   581.1 MiB                          
  reset     :     0      
  purged    :   576.0 MiB
  arenas    :     1      
  rollback  :     0      
  mmaps     :     4      
  commits   :     0      
  resets    :     0      
  purges    :   277      
  guarded   :     0      
  theaps    :    48          48           0      
  heaps     :     1           1           1      
  heap waits:     0      

 process         peak       total     current       block      total#   
  threads   :    49          49           1      
  numa nodes:     1
  elapsed   :     0.711 s
  process   : user: 1.478 s, system: 0.205 s, faults: 0, peak rss: 598.9 MiB, peak commit: 581.1 MiB

BENCH wall=0.71 user=1.47 sys=0.20 rss_kb=613316
