subproc 0
 pages           peak       total     current       block      total#   
  touched   :     0           0           0                                ok
  pages     :   206           4.1 K      35      
  abandoned :    95         304          14      
  reclaima  :    11      
  reclaimf  :   188      
  reabandon :    22      
  waits     :     0      
  extended  :     0      
  retire    :     0      
  searches  :     1.2 avg

 arenas          peak       total     current       block      total#   
  reserved  :     1.0 GiB     1.0 GiB     1.0 GiB                          
  committed :   442.4 MiB   442.4 MiB   442.4 MiB                          
  reset     :     0      
  purged    :   434.0 MiB
  arenas    :     1      
  rollback  :     0      
  mmaps     :     4      
  commits   :     0      
  resets    :     0      
  purges    :   209      
  guarded   :     0      
  theaps    :   280         280           0      
  heaps     :     1           1           1      
  heap waits:     0      

 process         peak       total     current       block      total#   
  threads   :   281         281           1      
  numa nodes:     1
  elapsed   :     0.072 s
  process   : user: 0.145 s, system: 0.279 s, faults: 0, peak rss: 484.3 MiB, peak commit: 442.4 MiB

BENCH wall=0.07 user=0.14 sys=0.28 rss_kb=496000 minor=29008
