subproc 0
 pages           peak       total     current       block      total#   
  touched   :     0           0           0                                ok
  pages     :     1.2 K       4.9 K      35      
  abandoned :   307           1.1 K      14      
  reclaima  :    96      
  reclaimf  :   691      
  reabandon :   432      
  waits     :     0      
  extended  :     0      
  retire    :     0      
  searches  :     1.7 avg

 arenas          peak       total     current       block      total#   
  reserved  :     1.0 GiB     1.0 GiB     1.0 GiB                          
  committed :   752.6 MiB   752.6 MiB   752.6 MiB                          
  reset     :     0      
  purged    :   744.0 MiB
  arenas    :     1      
  rollback  :     0      
  mmaps     :     4      
  commits   :     0      
  resets    :     0      
  purges    :   544      
  guarded   :     0      
  theaps    :   310         310           0      
  heaps     :     1           1           1      
  heap waits:     0      

 process         peak       total     current       block      total#   
  threads   :   311         311           1      
  numa nodes:     1
  elapsed   :     0.155 s
  process   : user: 0.573 s, system: 0.249 s, faults: 0, peak rss: 714.8 MiB, peak commit: 752.6 MiB

BENCH wall=0.15 user=0.57 sys=0.25 rss_kb=732020 minor=10239
