subproc 0
 pages           peak       total     current       block      total#   
  touched   :     0           0           0                                ok
  pages     :   278           4.1 K      35      
  abandoned :   148           1.0 K      14      
  reclaima  :   173      
  reclaimf  :   399      
  reabandon :   540      
  waits     :     0      
  extended  :     0      
  retire    :     0      
  searches  :     1.5 avg

 arenas          peak       total     current       block      total#   
  reserved  :     1.0 GiB     1.0 GiB     1.0 GiB                          
  committed :   549.8 MiB   549.8 MiB   549.8 MiB                          
  reset     :     0      
  purged    :   541.3 MiB
  arenas    :     1      
  rollback  :     0      
  mmaps     :     4      
  commits   :     0      
  resets    :     0      
  purges    :   432      
  guarded   :     0      
  theaps    :   286         286           0      
  heaps     :     1           1           1      
  heap waits:     0      

 process         peak       total     current       block      total#   
  threads   :   287         287           1      
  numa nodes:     1
  elapsed   :     0.163 s
  process   : user: 0.308 s, system: 0.316 s, faults: 0, peak rss: 652.6 MiB, peak commit: 549.8 MiB

BENCH wall=0.16 user=0.30 sys=0.31 rss_kb=668320 minor=25035
