subproc 0
 pages           peak       total     current       block      total#   
  touched   :     0           0           0                                ok
  pages     :     1.5 K      11.4 K      37      
  abandoned :   504           4.5 K      16      
  reclaima  :   128      
  reclaimf  :     3.6 K  
  reabandon :   443      
  waits     :     0      
  extended  :     0      
  retire    :     0      
  searches  :     2.1 avg

 arenas          peak       total     current       block      total#   
  reserved  :     3.0 GiB     3.0 GiB     3.0 GiB                          
  committed :     2.2 GiB     2.2 GiB     2.2 GiB                          
  reset     :     0      
  purged    :     2.2 GiB
  arenas    :     3      
  rollback  :     0      
  mmaps     :    10      
  commits   :     0      
  resets    :     0      
  purges    :   998      
  guarded   :     0      
  theaps    :   354         354           0      
  heaps     :     1           1           1      
  heap waits:     0      

 process         peak       total     current       block      total#   
  threads   :   355         355           1      
  numa nodes:     1
  elapsed   :     0.535 s
  process   : user: 1.459 s, system: 0.674 s, faults: 0, peak rss: 1.6 GiB, peak commit: 2.2 GiB

BENCH wall=0.53 user=1.45 sys=0.67 rss_kb=1699536 minor=5422
