subproc 0
 pages           peak       total     current       block      total#   
  touched   :     0           0           0                                ok
  pages     :   496           2.9 K      31      
  abandoned :   245           1.0 K      10      
  reclaima  :   314      
  reclaimf  :   503      
  reabandon :   472      
  waits     :     0      
  extended  :     0      
  retire    :     0      
  searches  :     1.4 avg

 arenas          peak       total     current       block      total#   
  reserved  :     1.0 GiB     1.0 GiB     1.0 GiB                          
  committed :   357.5 MiB   357.5 MiB   357.5 MiB                          
  reset     :     0      
  purged    :   352.3 MiB
  arenas    :     1      
  rollback  :     0      
  mmaps     :     3      
  commits   :     0      
  resets    :     0      
  purges    :   167      
  guarded   :     0      
  theaps    :    45          45           0      
  heaps     :     1           1           1      
  heap waits:     0      

 process         peak       total     current       block      total#   
  threads   :    46          46           1      
  numa nodes:     1
  elapsed   :     0.163 s
  process   : user: 0.270 s, system: 0.131 s, faults: 0, peak rss: 388.0 MiB, peak commit: 357.5 MiB

BENCH wall=0.16 user=0.27 sys=0.13 rss_kb=397404 minor=27956
