subproc 0
 pages           peak       total     current       block      total#   
  touched   :     0           0           0                                ok
  pages     :     1.0 K      12.6 K      33      
  abandoned :   293           8.1 K      12      
  reclaima  :   229      
  reclaimf  :     6.4 K  
  reabandon :   463      
  waits     :     0      
  extended  :     0      
  retire    :     0      
  searches  :     2.5 avg

 arenas          peak       total     current       block      total#   
  reserved  :     2.0 GiB     2.0 GiB     2.0 GiB                          
  committed :     1.3 GiB     1.3 GiB     1.3 GiB                          
  reset     :     0      
  purged    :     1.3 GiB
  arenas    :     2      
  rollback  :     0      
  mmaps     :     7      
  commits   :     0      
  resets    :     0      
  purges    :   905      
  guarded   :     0      
  theaps    :   131         131           0      
  heaps     :     1           1           1      
  heap waits:     0      

 process         peak       total     current       block      total#   
  threads   :   132         132           1      
  numa nodes:     1
  elapsed   :     0.343 s
  process   : user: 2.178 s, system: 0.565 s, faults: 0, peak rss: 1.0 GiB, peak commit: 1.3 GiB

BENCH wall=0.34 user=2.17 sys=0.56 rss_kb=1117672 minor=5062
