subproc 0
 pages           peak       total     current       block      total#   
  touched   :     0           0           0                                ok
  pages     :     4.1 K      28.4 K      38      
  abandoned :     1.9 K       8.5 K      16      
  reclaima  :   721      
  reclaimf  :     5.3 K  
  reabandon :     2.5 K  
  waits     :     0      
  extended  :     0      
  retire    :     0      
  searches  :     2.0 avg

 arenas          peak       total     current       block      total#   
  reserved  :     4.0 GiB     4.0 GiB     4.0 GiB                          
  committed :     3.7 GiB     3.7 GiB     3.7 GiB                          
  reset     :     0      
  purged    :     3.7 GiB
  arenas    :     4      
  rollback  :     0      
  mmaps     :    13      
  commits   :     0      
  resets    :     0      
  purges    :     2.1 K  
  guarded   :     0      
  theaps    :   513         513           0      
  heaps     :     1           1           1      
  heap waits:     0      

 process         peak       total     current       block      total#   
  threads   :   514         514           1      
  numa nodes:     1
  elapsed   :     0.802 s
  process   : user: 3.535 s, system: 2.321 s, faults: 0, peak rss: 3.3 GiB, peak commit: 3.7 GiB

BENCH wall=0.80 user=3.53 sys=2.32 rss_kb=3517116
