subproc 0
 pages           peak       total     current       block      total#   
  touched   :     0           0           0                                ok
  pages     :     1.1 K      10.7 K      31      
  abandoned :   299           7.0 K      10      
  reclaima  :   233      
  reclaimf  :     5.6 K  
  reabandon :   355      
  waits     :     0      
  extended  :     0      
  retire    :     0      
  searches  :     2.5 avg

 arenas          peak       total     current       block      total#   
  reserved  :     2.0 GiB     2.0 GiB     2.0 GiB                          
  committed :     1.0 GiB     1.0 GiB     1.0 GiB                          
  reset     :     0      
  purged    :     1.0 GiB
  arenas    :     2      
  rollback  :     0      
  mmaps     :     6      
  commits   :     0      
  resets    :     0      
  purges    :   363      
  guarded   :     0      
  theaps    :    74          74           0      
  heaps     :     1           1           1      
  heap waits:     0      

 process         peak       total     current       block      total#   
  threads   :    75          75           1      
  numa nodes:     1
  elapsed   :     0.388 s
  process   : user: 1.661 s, system: 0.384 s, faults: 0, peak rss: 947.9 MiB, peak commit: 1.0 GiB

BENCH wall=0.39 user=1.66 sys=0.38 rss_kb=970696 minor=4088
