subproc 0
 pages           peak       total     current       block      total#   
  touched   :     0           0           0                                ok
  pages     :     1.3 K      13.1 K      33      
  abandoned :   419           8.1 K      12      
  reclaima  :   164      
  reclaimf  :     6.5 K  
  reabandon :   342      
  waits     :     0      
  extended  :     0      
  retire    :     0      
  searches  :     2.4 avg

 arenas          peak       total     current       block      total#   
  reserved  :     2.0 GiB     2.0 GiB     2.0 GiB                          
  committed :     1.3 GiB     1.3 GiB     1.3 GiB                          
  reset     :     0      
  purged    :     1.3 GiB
  arenas    :     2      
  rollback  :     0      
  mmaps     :     7      
  commits   :     0      
  resets    :     0      
  purges    :   837      
  guarded   :     0      
  theaps    :   122         122           0      
  heaps     :     1           1           1      
  heap waits:     0      

 process         peak       total     current       block      total#   
  threads   :   123         123           1      
  numa nodes:     1
  elapsed   :     0.324 s
  process   : user: 2.079 s, system: 0.596 s, faults: 0, peak rss: 1.1 GiB, peak commit: 1.3 GiB

BENCH wall=0.32 user=2.07 sys=0.59 rss_kb=1158172 minor=4697
