subproc 0
 pages           peak       total     current       block      total#   
  touched   :     0           0           0                                ok
  pages     :     4.2 K      26.0 K      37      
  abandoned :     2.5 K      11.2 K      16      
  reclaima  :   639      
  reclaimf  :     8.1 K  
  reabandon :     2.5 K  
  waits     :     0      
  extended  :     0      
  retire    :     0      
  searches  :     2.1 avg

 arenas          peak       total     current       block      total#   
  reserved  :     4.0 GiB     4.0 GiB     4.0 GiB                          
  committed :     3.9 GiB     3.9 GiB     3.9 GiB                          
  reset     :     0      
  purged    :     3.9 GiB
  arenas    :     4      
  rollback  :     0      
  mmaps     :    14      
  commits   :     0      
  resets    :     0      
  purges    :     1.3 K  
  guarded   :     0      
  theaps    :   528         528           0      
  heaps     :     1           1           1      
  heap waits:     0      

 process         peak       total     current       block      total#   
  threads   :   529         529           1      
  numa nodes:     1
  elapsed   :     0.763 s
  process   : user: 2.778 s, system: 2.066 s, faults: 0, peak rss: 3.5 GiB, peak commit: 3.9 GiB

BENCH wall=0.76 user=2.77 sys=2.06 rss_kb=3676652 minor=7202
