subproc 0
 pages           peak       total     current       block      total#   
  touched   :     0           0           0                                ok
  pages     :     1.8 K      11.8 K      33      
  abandoned :   762           7.5 K      12      
  reclaima  :   201      
  reclaimf  :     6.1 K  
  reabandon :   454      
  waits     :     0      
  extended  :     0      
  retire    :     0      
  searches  :     2.4 avg

 arenas          peak       total     current       block      total#   
  reserved  :     2.0 GiB     2.0 GiB     2.0 GiB                          
  committed :     1.5 GiB     1.5 GiB     1.5 GiB                          
  reset     :     0      
  purged    :     1.5 GiB
  arenas    :     2      
  rollback  :     0      
  mmaps     :     7      
  commits   :     0      
  resets    :     0      
  purges    :   721      
  guarded   :     0      
  theaps    :   151         151           0      
  heaps     :     1           1           1      
  heap waits:     0      

 process         peak       total     current       block      total#   
  threads   :   152         152           1      
  numa nodes:     1
  elapsed   :     0.395 s
  process   : user: 2.057 s, system: 0.821 s, faults: 0, peak rss: 1.3 GiB, peak commit: 1.5 GiB

BENCH wall=0.39 user=2.05 sys=0.82 rss_kb=1431116 minor=4443
