subproc 0
 pages           peak       total     current       block      total#   
  touched   :     0           0           0                                ok
  pages     :     1.3 K       8.8 K      35      
  abandoned :   328           5.0 K      14      
  reclaima  :   147      
  reclaimf  :     4.2 K  
  reabandon :   304      
  waits     :     0      
  extended  :     0      
  retire    :     0      
  searches  :     2.3 avg

 arenas          peak       total     current       block      total#   
  reserved  :     2.0 GiB     2.0 GiB     2.0 GiB                          
  committed :     1.5 GiB     1.5 GiB     1.5 GiB                          
  reset     :     0      
  purged    :     1.5 GiB
  arenas    :     2      
  rollback  :     0      
  mmaps     :     7      
  commits   :     0      
  resets    :     0      
  purges    :     1.2 K  
  guarded   :     0      
  theaps    :   199         199           0      
  heaps     :     1           1           1      
  heap waits:     0      

 process         peak       total     current       block      total#   
  threads   :   200         200           1      
  numa nodes:     1
  elapsed   :     0.353 s
  process   : user: 1.393 s, system: 0.532 s, faults: 0, peak rss: 1.1 GiB, peak commit: 1.5 GiB

BENCH wall=0.35 user=1.39 sys=0.53 rss_kb=1201400 minor=4437
