subproc 0
 pages           peak       total     current       block      total#   
  touched   :     0           0           0                                ok
  pages     :     2.3 K      12.2 K      37      
  abandoned :   945           6.1 K      16      
  reclaima  :   348      
  reclaimf  :     4.5 K  
  reabandon :   930      
  waits     :     0      
  extended  :     0      
  retire    :     0      
  searches  :     2.1 avg

 arenas          peak       total     current       block      total#   
  reserved  :     4.0 GiB     4.0 GiB     4.0 GiB                          
  committed :     3.0 GiB     3.0 GiB     3.0 GiB                          
  reset     :     0      
  purged    :     3.0 GiB
  arenas    :     4      
  rollback  :     0      
  mmaps     :    13      
  commits   :     0      
  resets    :     0      
  purges    :     1.6 K  
  guarded   :     0      
  theaps    :   442         442           0      
  heaps     :     1           1           1      
  heap waits:     0      

 process         peak       total     current       block      total#   
  threads   :   443         443           1      
  numa nodes:     1
  elapsed   :     0.511 s
  process   : user: 2.041 s, system: 1.259 s, faults: 0, peak rss: 2.3 GiB, peak commit: 3.0 GiB

BENCH wall=0.51 user=2.04 sys=1.26 rss_kb=2457756 minor=5937
