subproc 0
 pages           peak       total     current       block      total#   
  touched   :     0           0           0                                ok
  pages     :     2.3 K      15.7 K      35      
  abandoned :   934           8.8 K      14      
  reclaima  :   526      
  reclaimf  :     6.8 K  
  reabandon :     1.1 K  
  waits     :     0      
  extended  :     0      
  retire    :     0      
  searches  :     2.2 avg

 arenas          peak       total     current       block      total#   
  reserved  :     3.0 GiB     3.0 GiB     3.0 GiB                          
  committed :     2.4 GiB     2.4 GiB     2.4 GiB                          
  reset     :     0      
  purged    :     2.4 GiB
  arenas    :     3      
  rollback  :     0      
  mmaps     :    10      
  commits   :     0      
  resets    :     0      
  purges    :     1.1 K  
  guarded   :     0      
  theaps    :   301         301           0      
  heaps     :     1           1           1      
  heap waits:     0      

 process         peak       total     current       block      total#   
  threads   :   302         302           1      
  numa nodes:     1
  elapsed   :     0.475 s
  process   : user: 2.434 s, system: 1.113 s, faults: 0, peak rss: 2.0 GiB, peak commit: 2.4 GiB

BENCH wall=0.47 user=2.43 sys=1.11 rss_kb=2180620 minor=5513
