subproc 0
 pages           peak       total     current       block      total#   
  touched   :     0           0           0                                ok
  pages     :     1.8 K      10.1 K      35      
  abandoned :   693           5.0 K      14      
  reclaima  :   177      
  reclaimf  :     4.0 K  
  reabandon :   658      
  waits     :     0      
  extended  :     0      
  retire    :     0      
  searches  :     2.1 avg

 arenas          peak       total     current       block      total#   
  reserved  :     3.0 GiB     3.0 GiB     3.0 GiB                          
  committed :     2.0 GiB     2.0 GiB     2.0 GiB                          
  reset     :     0      
  purged    :     2.0 GiB
  arenas    :     3      
  rollback  :     0      
  mmaps     :     9      
  commits   :     0      
  resets    :     0      
  purges    :     1.2 K  
  guarded   :     0      
  theaps    :   282         282           0      
  heaps     :     1           1           1      
  heap waits:     0      

 process         peak       total     current       block      total#   
  threads   :   283         283           1      
  numa nodes:     1
  elapsed   :     0.411 s
  process   : user: 1.527 s, system: 0.718 s, faults: 0, peak rss: 1.5 GiB, peak commit: 2.0 GiB

BENCH wall=0.41 user=1.52 sys=0.72 rss_kb=1673892 minor=5075
