subproc 0
 pages           peak       total     current       block      total#   
  touched   :     0           0           0                                ok
  pages     :     1.8 K      11.8 K      35      
  abandoned :   637           4.9 K      14      
  reclaima  :   161      
  reclaimf  :     3.9 K  
  reabandon :   581      
  waits     :     0      
  extended  :     0      
  retire    :     0      
  searches  :     2.1 avg

 arenas          peak       total     current       block      total#   
  reserved  :     3.0 GiB     3.0 GiB     3.0 GiB                          
  committed :     2.2 GiB     2.2 GiB     2.2 GiB                          
  reset     :     0      
  purged    :     2.2 GiB
  arenas    :     3      
  rollback  :     0      
  mmaps     :    10      
  commits   :     0      
  resets    :     0      
  purges    :     1.1 K  
  guarded   :     0      
  theaps    :   335         335           0      
  heaps     :     1           1           1      
  heap waits:     0      

 process         peak       total     current       block      total#   
  threads   :   336         336           1      
  numa nodes:     1
  elapsed   :     0.412 s
  process   : user: 1.540 s, system: 0.814 s, faults: 0, peak rss: 1.6 GiB, peak commit: 2.2 GiB

BENCH wall=0.41 user=1.54 sys=0.81 rss_kb=1772456 minor=5232
