subproc 0
 pages           peak       total     current       block      total#   
  touched   :     0           0           0                                ok
  pages     :     1.8 K      10.8 K      35      
  abandoned :   669           4.9 K      14      
  reclaima  :   190      
  reclaimf  :     3.8 K  
  reabandon :   682      
  waits     :     0      
  extended  :     0      
  retire    :     0      
  searches  :     2.1 avg

 arenas          peak       total     current       block      total#   
  reserved  :     2.0 GiB     2.0 GiB     2.0 GiB                          
  committed :     1.9 GiB     1.9 GiB     1.9 GiB                          
  reset     :     0      
  purged    :     1.9 GiB
  arenas    :     2      
  rollback  :     0      
  mmaps     :     8      
  commits   :     0      
  resets    :     0      
  purges    :     1.0 K  
  guarded   :     0      
  theaps    :   252         252           0      
  heaps     :     1           1           1      
  heap waits:     0      

 process         peak       total     current       block      total#   
  threads   :   253         253           1      
  numa nodes:     1
  elapsed   :     0.419 s
  process   : user: 1.452 s, system: 0.687 s, faults: 0, peak rss: 1.5 GiB, peak commit: 1.9 GiB

BENCH wall=0.42 user=1.45 sys=0.68 rss_kb=1639072 minor=4876
