subproc 0
 pages           peak       total     current       block      total#   
  touched   :     0           0           0                                ok
  pages     :   529           7.4 K      37      
  abandoned :   349           2.6 K      16      
  reclaima  :   465      
  reclaimf  :   905      
  reabandon :     1.8 K  
  waits     :     0      
  extended  :     0      
  retire    :     0      
  searches  :     2.0 avg

 arenas          peak       total     current       block      total#   
  reserved  :     1.0 GiB     1.0 GiB     1.0 GiB                          
  committed :   572.1 MiB   572.1 MiB   572.1 MiB                          
  reset     :     0      
  purged    :   768.2 MiB
  arenas    :     1      
  rollback  :     0      
  mmaps     :     4      
  commits   :     0      
  resets    :     0      
  purges    :     7.4 K  
  guarded   :     0      
  theaps    :   528         528           0      
  heaps     :     1           1           1      
  heap waits:     0      

 process         peak       total     current       block      total#   
  threads   :   529         529           1      
  numa nodes:     1
  elapsed   :     0.259 s
  process   : user: 0.422 s, system: 0.594 s, faults: 0, peak rss: 757.8 MiB, peak commit: 572.1 MiB

BENCH wall=0.26 user=0.42 sys=0.59 rss_kb=775984 minor=66175
