subproc 0
 pages           peak       total     current       block      total#   
  touched   :     0           0           0                                ok
  pages     :     2.8 K      19.9 K      34      
  abandoned :     1.1 K       4.7 K      12      
  reclaima  :   225      
  reclaimf  :     3.5 K  
  reabandon :   892      
  waits     :     0      
  extended  :     0      
  retire    :     0      
  searches  :     1.9 avg

 arenas          peak       total     current       block      total#   
  reserved  :     2.0 GiB     2.0 GiB     2.0 GiB                          
  committed :     1.4 GiB     1.4 GiB     1.4 GiB                          
  reset     :     0      
  purged    :     4.7 GiB
  arenas    :     2      
  rollback  :     0      
  mmaps     :     7      
  commits   :     0      
  resets    :     0      
  purges    :    19.9 K  
  guarded   :     0      
  theaps    :   163         163           0      
  heaps     :     1           1           1      
  heap waits:     0      

 process         peak       total     current       block      total#   
  threads   :   164         164           1      
  numa nodes:     1
  elapsed   :     0.802 s
  process   : user: 1.975 s, system: 1.333 s, faults: 0, peak rss: 1.1 GiB, peak commit: 1.4 GiB

BENCH wall=0.80 user=1.97 sys=1.33 rss_kb=1247228
