subproc 0
 pages           peak       total     current       block      total#   
  touched   :     0           0           0                                ok
  pages     :     2.7 K      20.7 K      38      
  abandoned :     1.0 K       4.7 K      16      
  reclaima  :   223      
  reclaimf  :     3.4 K  
  reabandon :   892      
  waits     :     0      
  extended  :     0      
  retire    :     0      
  searches  :     1.9 avg

 arenas          peak       total     current       block      total#   
  reserved  :     3.0 GiB     3.0 GiB     3.0 GiB                          
  committed :     2.8 GiB     2.8 GiB     2.8 GiB                          
  reset     :     0      
  purged    :     6.2 GiB
  arenas    :     3      
  rollback  :     0      
  mmaps     :    11      
  commits   :     0      
  resets    :     0      
  purges    :    20.7 K  
  guarded   :     0      
  theaps    :   511         511           0      
  heaps     :     1           1           1      
  heap waits:     0      

 process         peak       total     current       block      total#   
  threads   :   512         512           1      
  numa nodes:     1
  elapsed   :     0.821 s
  process   : user: 2.137 s, system: 1.777 s, faults: 0, peak rss: 1.7 GiB, peak commit: 2.8 GiB

BENCH wall=0.82 user=2.13 sys=1.77 rss_kb=1881716
