subproc 0
 pages           peak       total     current       block      total#   
  touched   :     0           0           0                                ok
  pages     :     2.1 K      18.9 K      37      
  abandoned :   850           6.9 K      16      
  reclaima  :   391      
  reclaimf  :     5.4 K  
  reabandon :   832      
  waits     :     0      
  extended  :     0      
  retire    :     0      
  searches  :     1.9 avg

 arenas          peak       total     current       block      total#   
  reserved  :     3.0 GiB     3.0 GiB     3.0 GiB                          
  committed :     2.4 GiB     2.4 GiB     2.4 GiB                          
  reset     :     0      
  purged    :     2.4 GiB
  arenas    :     3      
  rollback  :     0      
  mmaps     :    10      
  commits   :     0      
  resets    :     0      
  purges    :     1.0 K  
  guarded   :     0      
  theaps    :   406         406           0      
  heaps     :     1           1           1      
  heap waits:     0      

 process         peak       total     current       block      total#   
  threads   :   407         407           1      
  numa nodes:     1
  elapsed   :     0.722 s
  process   : user: 1.874 s, system: 0.785 s, faults: 0, peak rss: 1.7 GiB, peak commit: 2.4 GiB

BENCH wall=0.72 user=1.87 sys=0.78 rss_kb=1828224 minor=19432
