subproc 0
 pages           peak       total     current       block      total#   
  touched   :     0           0           0                                ok
  pages     :     2.2 K      20.4 K      37      
  abandoned :     1.0 K       6.9 K      16      
  reclaima  :   288      
  reclaimf  :     5.4 K  
  reabandon :   957      
  waits     :     0      
  extended  :     0      
  retire    :     0      
  searches  :     1.9 avg

 arenas          peak       total     current       block      total#   
  reserved  :     3.0 GiB     3.0 GiB     3.0 GiB                          
  committed :     2.8 GiB     2.8 GiB     2.8 GiB                          
  reset     :     0      
  purged    :     2.8 GiB
  arenas    :     3      
  rollback  :     0      
  mmaps     :    10      
  commits   :     0      
  resets    :     0      
  purges    :     1.2 K  
  guarded   :     0      
  theaps    :   507         507           0      
  heaps     :     1           1           1      
  heap waits:     0      

 process         peak       total     current       block      total#   
  threads   :   508         508           1      
  numa nodes:     1
  elapsed   :     0.773 s
  process   : user: 1.922 s, system: 0.846 s, faults: 0, peak rss: 1.9 GiB, peak commit: 2.8 GiB

BENCH wall=0.77 user=1.92 sys=0.84 rss_kb=2065656 minor=17635
