subproc 0
 pages           peak       total     current       block      total#   
  touched   :     0           0           0                                ok
  pages     :     2.4 K      19.8 K      37      
  abandoned :     1.0 K       6.8 K      16      
  reclaima  :   293      
  reclaimf  :     5.3 K  
  reabandon :     1.0 K  
  waits     :     0      
  extended  :     0      
  retire    :     0      
  searches  :     1.9 avg

 arenas          peak       total     current       block      total#   
  reserved  :     3.0 GiB     3.0 GiB     3.0 GiB                          
  committed :     2.9 GiB     2.9 GiB     2.9 GiB                          
  reset     :     0      
  purged    :     2.9 GiB
  arenas    :     3      
  rollback  :     0      
  mmaps     :    11      
  commits   :     0      
  resets    :     0      
  purges    :     1.0 K  
  guarded   :     0      
  theaps    :   528         528           0      
  heaps     :     1           1           1      
  heap waits:     0      

 process         peak       total     current       block      total#   
  threads   :   529         529           1      
  numa nodes:     1
  elapsed   :     0.754 s
  process   : user: 1.911 s, system: 0.959 s, faults: 0, peak rss: 2.0 GiB, peak commit: 2.9 GiB

BENCH wall=0.75 user=1.91 sys=0.96 rss_kb=2153980 minor=17835
