subproc 0
 pages           peak       total     current       block      total#   
  touched   :     0           0           0                                ok
  pages     :     2.2 K      21.9 K      37      
  abandoned :   973          10.2 K      16      
  reclaima  :   447      
  reclaimf  :     8.7 K  
  reabandon :   947      
  waits     :     0      
  extended  :     0      
  retire    :     0      
  searches  :     1.9 avg

 arenas          peak       total     current       block      total#   
  reserved  :     3.0 GiB     3.0 GiB     3.0 GiB                          
  committed :     2.6 GiB     2.6 GiB     2.6 GiB                          
  reset     :     0      
  purged    :     2.6 GiB
  arenas    :     3      
  rollback  :     0      
  mmaps     :    10      
  commits   :     0      
  resets    :     0      
  purges    :     1.1 K  
  guarded   :     0      
  theaps    :   455         455           0      
  heaps     :     1           1           1      
  heap waits:     0      

 process         peak       total     current       block      total#   
  threads   :   456         456           1      
  numa nodes:     1
  elapsed   :     0.756 s
  process   : user: 1.846 s, system: 0.879 s, faults: 0, peak rss: 1.8 GiB, peak commit: 2.6 GiB

BENCH wall=0.75 user=1.84 sys=0.88 rss_kb=1925196 minor=15277
