subproc 0
 pages           peak       total     current       block      total#   
  touched   :     0           0           0                                ok
  pages     :     2.3 K      20.5 K      37      
  abandoned :   987           6.6 K      15      
  reclaima  :   331      
  reclaimf  :     5.2 K  
  reabandon :   920      
  waits     :     0      
  extended  :     0      
  retire    :     0      
  searches  :     1.9 avg

 arenas          peak       total     current       block      total#   
  reserved  :     3.0 GiB     3.0 GiB     3.0 GiB                          
  committed :     2.6 GiB     2.6 GiB     2.6 GiB                          
  reset     :     0      
  purged    :     2.6 GiB
  arenas    :     3      
  rollback  :     0      
  mmaps     :    10      
  commits   :     0      
  resets    :     0      
  purges    :     1.1 K  
  guarded   :     0      
  theaps    :   461         461           0      
  heaps     :     1           1           1      
  heap waits:     0      

 process         peak       total     current       block      total#   
  threads   :   462         462           1      
  numa nodes:     1
  elapsed   :     0.740 s
  process   : user: 1.895 s, system: 0.865 s, faults: 0, peak rss: 1.9 GiB, peak commit: 2.6 GiB

BENCH wall=0.74 user=1.89 sys=0.86 rss_kb=2002012 minor=16366
