subproc 0
 pages           peak       total     current       block      total#   
  touched   :     0           0           0                                ok
  pages     :     2.5 K      16.5 K      37      
  abandoned :     1.6 K       7.0 K      16      
  reclaima  :   768      
  reclaimf  :     4.8 K  
  reabandon :     1.8 K  
  waits     :     0      
  extended  :     0      
  retire    :     0      
  searches  :     2.1 avg

 arenas          peak       total     current       block      total#   
  reserved  :     3.0 GiB     3.0 GiB     3.0 GiB                          
  committed :     2.9 GiB     2.9 GiB     2.9 GiB                          
  reset     :     0      
  purged    :     2.9 GiB
  arenas    :     3      
  rollback  :     0      
  mmaps     :    10      
  commits   :     0      
  resets    :     0      
  purges    :     1.4 K  
  guarded   :     0      
  theaps    :   523         523           0      
  heaps     :     1           1           1      
  heap waits:     0      

 process         peak       total     current       block      total#   
  threads   :   524         524           1      
  numa nodes:     1
  elapsed   :     0.663 s
  process   : user: 1.760 s, system: 0.809 s, faults: 0, peak rss: 1.9 GiB, peak commit: 2.9 GiB

BENCH wall=0.66 user=1.76 sys=0.81 rss_kb=2064164 minor=6131
