subproc 0
 pages           peak       total     current       block      total#   
  touched   :     0           0           0                                ok
  pages     :   508           7.3 K      36      
  abandoned :   323           2.1 K      14      
  reclaima  :   418      
  reclaimf  :   630      
  reabandon :     1.4 K  
  waits     :     0      
  extended  :     0      
  retire    :     0      
  searches  :     1.9 avg

 arenas          peak       total     current       block      total#   
  reserved  :     1.0 GiB     1.0 GiB     1.0 GiB                          
  committed :   525.0 MiB   525.0 MiB   525.0 MiB                          
  reset     :     0      
  purged    :   516.2 MiB
  arenas    :     1      
  rollback  :     0      
  mmaps     :     4      
  commits   :     0      
  resets    :     0      
  purges    :   368      
  guarded   :     0      
  theaps    :   311         311           0      
  heaps     :     1           1           1      
  heap waits:     0      

 process         peak       total     current       block      total#   
  threads   :   312         312           1      
  numa nodes:     1
  elapsed   :     0.254 s
  process   : user: 0.706 s, system: 1.112 s, faults: 0, peak rss: 742.8 MiB, peak commit: 525.0 MiB

BENCH user=0.70 sys=1.11 rss_kb=760636
