subproc 0
 pages           peak       total     current       block      total#   
  touched   :     0           0           0                                ok
  pages     :   283           3.3 K      32      
  abandoned :    55         523          10      
  reclaima  :    19      
  reclaimf  :   372      
  reabandon :    98      
  waits     :     0      
  extended  :     0      
  retire    :     0      
  searches  :     1.4 avg

 arenas          peak       total     current       block      total#   
  reserved  :     1.0 GiB     1.0 GiB     1.0 GiB                          
  committed :   718.7 MiB   718.7 MiB   718.7 MiB                          
  reset     :     0      
  purged    :   713.3 MiB
  arenas    :     1      
  rollback  :     0      
  mmaps     :     4      
  commits   :     0      
  resets    :     0      
  purges    :   260      
  guarded   :     0      
  theaps    :    59          59           0      
  heaps     :     1           1           1      
  heap waits:     0      

 process         peak       total     current       block      total#   
  threads   :    60          60           1      
  numa nodes:     1
  elapsed   :     0.134 s
  process   : user: 1.138 s, system: 0.512 s, faults: 0, peak rss: 642.1 MiB, peak commit: 718.7 MiB

BENCH user=1.13 sys=0.51 rss_kb=657592
