subproc 0
 pages           peak       total     current       block      total#   
  touched   :     0           0           0                                ok
  pages     :   921           9.8 K      36      
  abandoned :   264           4.3 K      14      
  reclaima  :   105      
  reclaimf  :     3.6 K  
  reabandon :   171      
  waits     :     0      
  extended  :     0      
  retire    :     0      
  searches  :     2.2 avg

 arenas          peak       total     current       block      total#   
  reserved  :     2.0 GiB     2.0 GiB     2.0 GiB                          
  committed :     1.5 GiB     1.5 GiB     1.5 GiB                          
  reset     :     0      
  purged    :     1.5 GiB
  arenas    :     2      
  rollback  :     0      
  mmaps     :     7      
  commits   :     0      
  resets    :     0      
  purges    :     1.2 K  
  guarded   :     0      
  theaps    :   209         209           0      
  heaps     :     1           1           1      
  heap waits:     0      

 process         peak       total     current       block      total#   
  threads   :   210         210           1      
  numa nodes:     1
  elapsed   :     0.493 s
  process   : user: 2.257 s, system: 0.971 s, faults: 0, peak rss: 1.1 GiB, peak commit: 1.5 GiB

BENCH user=2.25 sys=0.97 rss_kb=1248108
