subproc 0
 pages           peak       total     current       block      total#   
  touched   :     0           0           0                                ok
  pages     :   559           4.7 K      32      
  abandoned :   324         821          10      
  reclaima  :    96      
  reclaimf  :   558      
  reabandon :   203      
  waits     :     0      
  extended  :     0      
  retire    :     0      
  searches  :     1.9 avg

 arenas          peak       total     current       block      total#   
  reserved  :     1.0 GiB     1.0 GiB     1.0 GiB                          
  committed :   365.4 MiB   365.4 MiB   365.4 MiB                          
  reset     :     0      
  purged    :   360.0 MiB
  arenas    :     1      
  rollback  :     0      
  mmaps     :     4      
  commits   :     0      
  resets    :     0      
  purges    :   162      
  guarded   :     0      
  theaps    :    61          61           0      
  heaps     :     1           1           1      
  heap waits:     0      

 process         peak       total     current       block      total#   
  threads   :    62          62           1      
  numa nodes:     1
  elapsed   :     0.153 s
  process   : user: 0.251 s, system: 0.099 s, faults: 0, peak rss: 384.7 MiB, peak commit: 365.4 MiB

BENCH user=0.25 sys=0.09 rss_kb=393976
