subproc 0
 pages           peak       total     current       block      total#   
  touched   :     0           0           0                                ok
  pages     :   591           4.7 K      30      
  abandoned :   370         813           8      
  reclaima  :   120      
  reclaimf  :   406      
  reabandon :   338      
  waits     :     0      
  extended  :     0      
  retire    :     0      
  searches  :     1.9 avg

 arenas          peak       total     current       block      total#   
  reserved  :     1.0 GiB     1.0 GiB     1.0 GiB                          
  committed :   315.8 MiB   315.8 MiB   315.8 MiB                          
  reset     :     0      
  purged    :   310.5 MiB
  arenas    :     1      
  rollback  :     0      
  mmaps     :     4      
  commits   :     0      
  resets    :     0      
  purges    :   159      
  guarded   :     0      
  theaps    :    57          57           0      
  heaps     :     1           1           1      
  heap waits:     0      

 process         peak       total     current       block      total#   
  threads   :    58          58           1      
  numa nodes:     1
  elapsed   :     0.150 s
  process   : user: 0.232 s, system: 0.112 s, faults: 0, peak rss: 362.0 MiB, peak commit: 315.8 MiB

BENCH user=0.23 sys=0.11 rss_kb=370772
