subproc 0
 pages           peak       total     current       block      total#   
  touched   :     0           0           0                                ok
  pages     :   512           5.2 K      36      
  abandoned :   192         829          14      
  reclaima  :    88      
  reclaimf  :   383      
  reabandon :   330      
  waits     :     0      
  extended  :     0      
  retire    :     0      
  searches  :     1.5 avg

 arenas          peak       total     current       block      total#   
  reserved  :     1.0 GiB     1.0 GiB     1.0 GiB                          
  committed :   848.2 MiB   848.2 MiB   848.2 MiB                          
  reset     :     0      
  purged    :   839.7 MiB
  arenas    :     1      
  rollback  :     0      
  mmaps     :     5      
  commits   :     0      
  resets    :     0      
  purges    :   891      
  guarded   :     0      
  theaps    :   280         280           0      
  heaps     :     1           1           1      
  heap waits:     0      

 process         peak       total     current       block      total#   
  threads   :   281         281           1      
  numa nodes:     1
  elapsed   :     0.175 s
  process   : user: 1.150 s, system: 0.570 s, faults: 0, peak rss: 802.1 MiB, peak commit: 848.2 MiB

BENCH user=1.15 sys=0.57 rss_kb=821392
