subproc 0
 pages           peak       total     current       block      total#   
  touched   :     0           0           0                                ok
  pages     :   307           4.5 K      36      
  abandoned :   187         730          14      
  reclaima  :   118      
  reclaimf  :   234      
  reabandon :   365      
  waits     :     0      
  extended  :     0      
  retire    :     0      
  searches  :     1.4 avg

 arenas          peak       total     current       block      total#   
  reserved  :     1.0 GiB     1.0 GiB     1.0 GiB                          
  committed :   613.3 MiB   613.3 MiB   613.3 MiB                          
  reset     :     0      
  purged    :   604.6 MiB
  arenas    :     1      
  rollback  :     0      
  mmaps     :     4      
  commits   :     0      
  resets    :     0      
  purges    :   325      
  guarded   :     0      
  theaps    :   297         297           0      
  heaps     :     1           1           1      
  heap waits:     0      

 process         peak       total     current       block      total#   
  threads   :   298         298           1      
  numa nodes:     1
  elapsed   :     0.192 s
  process   : user: 0.513 s, system: 0.844 s, faults: 0, peak rss: 716.5 MiB, peak commit: 613.3 MiB

BENCH user=0.51 sys=0.84 rss_kb=733760
