subproc 0
 pages           peak       total     current       block      total#   
  touched   :     0           0           0                                ok
  pages     :    79           1.4 K      32      
  abandoned :    21         536          10      
  reclaima  :   157      
  reclaimf  :   277      
  reabandon :   213      
  waits     :     0      
  extended  :     0      
  retire    :     0      
  searches  :     0.9 avg

 arenas          peak       total     current       block      total#   
  reserved  :     1.0 GiB     1.0 GiB     1.0 GiB                          
  committed :   509.7 MiB   509.7 MiB   509.7 MiB                          
  reset     :     0      
  purged    :   504.3 MiB
  arenas    :     1      
  rollback  :     0      
  mmaps     :     4      
  commits   :     0      
  resets    :     0      
  purges    :   145      
  guarded   :     0      
  theaps    :    53          53           0      
  heaps     :     1           1           1      
  heap waits:     0      

 process         peak       total     current       block      total#   
  threads   :    54          54           1      
  numa nodes:     1
  elapsed   :     0.117 s
  process   : user: 0.199 s, system: 0.216 s, faults: 0, peak rss: 443.3 MiB, peak commit: 509.7 MiB

BENCH user=0.19 sys=0.21 rss_kb=454000
