subproc 0
 pages           peak       total     current       block      total#   
  touched   :     0           0           0                                ok
  pages     :     1.4 K       5.5 K      30      
  abandoned :     1.0 K       2.5 K       8      
  reclaima  :   831      
  reclaimf  :   685      
  reabandon :     1.8 K  
  waits     :     0      
  extended  :     0      
  retire    :     0      
  searches  :     2.0 avg

 arenas          peak       total     current       block      total#   
  reserved  :     1.0 GiB     1.0 GiB     1.0 GiB                          
  committed :   327.9 MiB   327.9 MiB   327.9 MiB                          
  reset     :     0      
  purged    :   322.8 MiB
  arenas    :     1      
  rollback  :     0      
  mmaps     :     3      
  commits   :     0      
  resets    :     0      
  purges    :   158      
  guarded   :     0      
  theaps    :    49          49           0      
  heaps     :     1           1           1      
  heap waits:     0      

 process         peak       total     current       block      total#   
  threads   :    50          50           1      
  numa nodes:     1
  elapsed   :     0.251 s
  process   : user: 0.404 s, system: 0.183 s, faults: 0, peak rss: 355.2 MiB, peak commit: 327.9 MiB

BENCH user=0.40 sys=0.18 rss_kb=363820
