subproc 0
 pages           peak       total     current       block      total#   
  touched   :     0           0           0                                ok
  pages     :   340           4.6 K      32      
  abandoned :   214         690          10      
  reclaima  :    98      
  reclaimf  :   362      
  reabandon :   231      
  waits     :     0      
  extended  :     0      
  retire    :     0      
  searches  :     2.2 avg

 arenas          peak       total     current       block      total#   
  reserved  :     1.0 GiB     1.0 GiB     1.0 GiB                          
  committed :   382.1 MiB   382.1 MiB   382.1 MiB                          
  reset     :     0      
  purged    :   376.8 MiB
  arenas    :     1      
  rollback  :     0      
  mmaps     :     4      
  commits   :     0      
  resets    :     0      
  purges    :   116      
  guarded   :     0      
  theaps    :    55          55           0      
  heaps     :     1           1           1      
  heap waits:     0      

 process         peak       total     current       block      total#   
  threads   :    56          56           1      
  numa nodes:     1
  elapsed   :     0.110 s
  process   : user: 0.205 s, system: 0.066 s, faults: 0, peak rss: 341.8 MiB, peak commit: 382.1 MiB

BENCH user=0.20 sys=0.06 rss_kb=350028
