subproc 0
 pages           peak       total     current       block      total#   
  touched   :     0           0           0                                ok
  pages     :   260           4.5 K      36      
  abandoned :   151         778          14      
  reclaima  :   144      
  reclaimf  :   274      
  reabandon :   385      
  waits     :     0      
  extended  :     0      
  retire    :     0      
  searches  :     1.4 avg

 arenas          peak       total     current       block      total#   
  reserved  :     1.0 GiB     1.0 GiB     1.0 GiB                          
  committed :   626.0 MiB   626.0 MiB   626.0 MiB                          
  reset     :     0      
  purged    :   617.5 MiB
  arenas    :     1      
  rollback  :     0      
  mmaps     :     4      
  commits   :     0      
  resets    :     0      
  purges    :   426      
  guarded   :     0      
  theaps    :   282         282           0      
  heaps     :     1           1           1      
  heap waits:     0      

 process         peak       total     current       block      total#   
  threads   :   283         283           1      
  numa nodes:     1
  elapsed   :     0.193 s
  process   : user: 0.474 s, system: 0.965 s, faults: 0, peak rss: 726.2 MiB, peak commit: 626.0 MiB

BENCH user=0.47 sys=0.96 rss_kb=743640
