subproc 0
 pages           peak       total     current       block      total#   
  touched   :     0           0           0                                ok
  pages     :     3.2 K      21.9 K      38      
  abandoned :     1.2 K       5.3 K      16      
  reclaima  :   321      
  reclaimf  :     3.7 K  
  reabandon :     1.1 K  
  waits     :     0      
  extended  :     0      
  retire    :     0      
  searches  :     1.9 avg

 arenas          peak       total     current       block      total#   
  reserved  :     4.0 GiB     4.0 GiB     4.0 GiB                          
  committed :     3.2 GiB     3.2 GiB     3.2 GiB                          
  reset     :     0      
  purged    :     3.2 GiB
  arenas    :     4      
  rollback  :     0      
  mmaps     :    12      
  commits   :     0      
  resets    :     0      
  purges    :     1.3 K  
  guarded   :     0      
  theaps    :   523         523           0      
  heaps     :     1           1           1      
  heap waits:     0      

 process         peak       total     current       block      total#   
  threads   :   524         524           1      
  numa nodes:     1
  elapsed   :     0.646 s
  process   : user: 2.438 s, system: 1.442 s, faults: 0, peak rss: 2.4 GiB, peak commit: 3.2 GiB

BENCH user=2.43 sys=1.44 rss_kb=2517492
