subproc 0
 pages           peak       total     current       block      total#   
  touched   :     0           0           0                                ok
  pages     :     3.1 K      22.5 K      38      
  abandoned :     1.1 K       5.4 K      16      
  reclaima  :   421      
  reclaimf  :     3.8 K  
  reabandon :     1.2 K  
  waits     :     0      
  extended  :     0      
  retire    :     0      
  searches  :     1.9 avg

 arenas          peak       total     current       block      total#   
  reserved  :     4.0 GiB     4.0 GiB     4.0 GiB                          
  committed :     3.3 GiB     3.3 GiB     3.3 GiB                          
  reset     :     0      
  purged    :     3.3 GiB
  arenas    :     4      
  rollback  :     0      
  mmaps     :    13      
  commits   :     0      
  resets    :     0      
  purges    :     1.2 K  
  guarded   :     0      
  theaps    :   544         544           0      
  heaps     :     1           1           1      
  heap waits:     0      

 process         peak       total     current       block      total#   
  threads   :   545         545           1      
  numa nodes:     1
  elapsed   :     0.659 s
  process   : user: 2.642 s, system: 1.582 s, faults: 0, peak rss: 2.4 GiB, peak commit: 3.3 GiB

BENCH user=2.64 sys=1.58 rss_kb=2517480
