subproc 0
 pages           peak       total     current       block      total#   
  touched   :     0           0           0                                ok
  pages     :     2.9 K      22.8 K      38      
  abandoned :     1.1 K       4.8 K      16      
  reclaima  :   242      
  reclaimf  :     3.4 K  
  reabandon :   986      
  waits     :     0      
  extended  :     0      
  retire    :     0      
  searches  :     1.9 avg

 arenas          peak       total     current       block      total#   
  reserved  :     4.0 GiB     4.0 GiB     4.0 GiB                          
  committed :     3.0 GiB     3.0 GiB     3.0 GiB                          
  reset     :     0      
  purged    :     6.4 GiB
  arenas    :     4      
  rollback  :     0      
  mmaps     :    13      
  commits   :     0      
  resets    :     0      
  purges    :    22.8 K  
  guarded   :     0      
  theaps    :   544         544           0      
  heaps     :     1           1           1      
  heap waits:     0      

 process         peak       total     current       block      total#   
  threads   :   545         545           1      
  numa nodes:     1
  elapsed   :     0.849 s
  process   : user: 2.325 s, system: 1.833 s, faults: 0, peak rss: 1.9 GiB, peak commit: 3.0 GiB

BENCH user=2.32 sys=1.83 rss_kb=2006200
