done: partial-12-depth-1
done: partial-12-depth-2
done: partial-12-depth-3
done: partial-12-depth-4
done: partial-12-depth-6
done: partial-12-depth-12
done: sorted-medium-3
done: overlap-medium-12
done: sorted-15-target10
done: overlap-1000-x-600
dataset	variant	ok	groups	sort	mode	elapsed_med	elapsed_min	elapsed_max	rss_mb_med	sort_spills	final_agg_spills	final_agg_spill_mb	repartition_spills	repartition_spill_mb	error
partial-12-depth-1	original	10/10	2	0	PartiallySorted([0, 1])	0.504	0.471	0.519	320	0	0	0.0	0	0.0	
partial-12-depth-1	accept-groups	10/10	2	0	PartiallySorted([0, 1])	0.502	0.475	0.518	322	0	0	0.0	0	0.0	
partial-12-depth-2	original	10/10	2	0	PartiallySorted([0, 1])	0.450	0.435	0.474	317	0	0	0.0	0	0.0	
partial-12-depth-2	accept-groups	10/10	2	0	PartiallySorted([0, 1])	0.444	0.419	0.461	325	0	0	0.0	0	0.0	
partial-12-depth-3	original	10/10	2	1	Linear	0.641	0.623	0.685	580	4	6	78.2	0	0.0	
partial-12-depth-3	accept-groups	10/10	3	0	PartiallySorted([0, 1])	0.404	0.352	0.429	358	0	0	0.0	0	0.0	
partial-12-depth-4	original	10/10	2	1	Linear	0.655	0.608	0.700	560	4	6	78.3	0	0.0	
partial-12-depth-4	accept-groups	10/10	4	0	PartiallySorted([0, 1])	0.380	0.366	0.411	397	0	0	0.0	0	0.0	
partial-12-depth-6	original	10/10	2	1	Linear	0.673	0.622	0.698	545	4	6	78.5	0	0.0	
partial-12-depth-6	accept-groups	10/10	6	0	PartiallySorted([0, 1])	0.373	0.347	0.409	434	0	0	0.0	0	0.0	
partial-12-depth-12	original	10/10	2	1	Linear	0.655	0.595	0.706	534	4	6	78.6	0	0.0	
partial-12-depth-12	accept-groups	10/10	12	0	PartiallySorted([0, 1])	0.369	0.343	0.384	597	0	0	0.0	3	0.9	
sorted-medium-3	original	10/10	2	1	Linear	0.695	0.650	0.711	528	4	6	78.9	0	0.0	
sorted-medium-3	accept-groups	10/10	3	0	PartiallySorted([0, 1])	0.381	0.356	0.385	341	0	0	0.0	0	0.0	
overlap-medium-12	original	10/10	2	1	Linear	0.669	0.625	0.709	538	4	6	78.8	0	0.0	
overlap-medium-12	accept-groups	10/10	12	0	PartiallySorted([0, 1])	0.327	0.314	0.368	668	0	0	0.0	18	12.1	
sorted-15-target10	original	10/10	10	1	Linear	0.289	0.280	0.300	799	15	20	79.2	0	0.0	
sorted-15-target10	accept-groups	10/10	15	0	PartiallySorted([0, 1])	0.340	0.319	0.350	942	0	0	0.0	150	44.5	
overlap-1000-x-600	original	10/10	2	1	Linear	0.699	0.686	0.754	610	4	6	79.3	0	0.0	
overlap-1000-x-600	accept-groups	10/10	1000	0	PartiallySorted([0, 1])	0.624	0.592	0.672	1724	0	0	0.0	1	81.1	
